[2026-05-15 22:28:00] [WARNING] rf-detr - Using a different number of positional encodings than DINOv2, which means we're not loading DINOv2 backbone weights. This is not a problem if finetuning a pretrained RF-DETR model.
[2026-05-15 22:28:00] [WARNING] rf-detr - Using patch size 16 instead of 14, which means we're not loading DINOv2 backbone weights. This is not a problem if finetuning a pretrained RF-DETR model.
[2026-05-15 22:28:02] [WARNING] rf-detr - Checkpoint has 90 classes but model is configured for 6. The detection head will be re-initialized to 6 classes.
[2026-05-15 22:28:03] [WARNING] rf-detr - Using a different number of positional encodings than DINOv2, which means we're not loading DINOv2 backbone weights. This is not a problem if finetuning a pretrained RF-DETR model.
[2026-05-15 22:28:03] [WARNING] rf-detr - Using patch size 16 instead of 14, which means we're not loading DINOv2 backbone weights. This is not a problem if finetuning a pretrained RF-DETR model.
[2026-05-15 22:28:05] [WARNING] rf-detr - Checkpoint has 90 classes but model is configured for 6. The detection head will be re-initialized to 6 classes.
/data/jjia496/miniconda3/envs/Mosquitoes_env/lib/python3.10/site-packages/lightning_fabric/plugins/environments/slurm.py:204: The `srun` command is available on your system but is not used. HINT: If your intention is to run Lightning on SLURM, prepend your python command with `srun` like so: srun python3 /data/jjia496/Mosquitoes/train_mosquito_model.py -- ...
Using bfloat16 Automatic Mixed Precision (AMP)
GPU available: True (cuda), used: True
TPU available: False, using: 0 TPU cores
💡 Tip: For seamless cloud logging and experiment tracking, try installing [litlogger](https://pypi.org/project/litlogger/) to enable LitLogger, which logs metrics and artifacts automatically to the Lightning Experiments platform.
/data/jjia496/miniconda3/envs/Mosquitoes_env/lib/python3.10/site-packages/lightning_fabric/loggers/csv_logs.py:268: Experiment logs directory output/ exists and is not empty. Previous log files in this directory will be deleted when the new ones are saved!
/data/jjia496/miniconda3/envs/Mosquitoes_env/lib/python3.10/site-packages/pytorch_lightning/callbacks/model_checkpoint.py:881: Checkpoint directory /data/jjia496/Mosquitoes/output exists and is not empty.
LOCAL_RANK: 0 - CUDA_VISIBLE_DEVICES: [0]
Loading `train_dataloader` to estimate number of stepping batches.
/data/jjia496/miniconda3/envs/Mosquitoes_env/lib/python3.10/site-packages/pytorch_lightning/utilities/model_summary/model_summary.py:242: Precision bf16-mixed is not supported by the model summary.  Estimated model size in MB will not be accurate. Using 32 bits instead.
[transformers] `use_return_dict` is deprecated! Use `return_dict` instead!
Metric __rfdetr_effective_map__ improved. New best score: 0.345
Metric __rfdetr_effective_map__ improved by 0.012 >= min_delta = 0.001. New best score: 0.357
Metric __rfdetr_effective_map__ improved by 0.016 >= min_delta = 0.001. New best score: 0.372
Metric __rfdetr_effective_map__ improved by 0.030 >= min_delta = 0.001. New best score: 0.403
Metric __rfdetr_effective_map__ improved by 0.009 >= min_delta = 0.001. New best score: 0.412
Metric __rfdetr_effective_map__ improved by 0.008 >= min_delta = 0.001. New best score: 0.420
Metric __rfdetr_effective_map__ improved by 0.016 >= min_delta = 0.001. New best score: 0.436
Metric __rfdetr_effective_map__ improved by 0.019 >= min_delta = 0.001. New best score: 0.455
Metric __rfdetr_effective_map__ improved by 0.019 >= min_delta = 0.001. New best score: 0.474
Metric __rfdetr_effective_map__ improved by 0.001 >= min_delta = 0.001. New best score: 0.475
Metric __rfdetr_effective_map__ improved by 0.003 >= min_delta = 0.001. New best score: 0.478
Metric __rfdetr_effective_map__ improved by 0.009 >= min_delta = 0.001. New best score: 0.487
Metric __rfdetr_effective_map__ improved by 0.006 >= min_delta = 0.001. New best score: 0.493
Metric __rfdetr_effective_map__ improved by 0.024 >= min_delta = 0.001. New best score: 0.517
Metric __rfdetr_effective_map__ improved by 0.006 >= min_delta = 0.001. New best score: 0.523
Monitored metric __rfdetr_effective_map__ did not improve in the last 10 records. Best score: 0.523. Signaling Trainer to stop.
[2026-05-16 05:52:14] [WARNING] rf-detr - Model is not optimized for inference. Latency may be higher than expected. You can optimize the model for inference by calling model.optimize_for_inference().
