Using dataset root from MOSQUITOES_DATASET.
Dataset images (version 3): /data/jjia496/.cache/kagglehub/datasets/duongnguyenquy/mosquitoes-compsci760/versions/3
Dataset labels directory: /data/jjia496/.cache/kagglehub/datasets/duongnguyenquy/mosquitoes-compsci760/labels
Labels source: /data/jjia496/Mosquitoes/manual_labels.csv (manual_labels.csv)
Normalizing annotation filenames against available images...
Detection-only export: same manual_labels.csv rows and splits as multi-class; category_id=0 for all boxes (species labels not written to COCO).
COCO categories (1): mosquito
Label rows: 10485 (10357 unique images; 55 images with multiple boxes; max 13 boxes/image)
Reusing train/val/test image assignments from existing multi-class COCO (train_coco.json, etc.) — same images and boxes as classification+detection, single class for detection-only export.
Total Images: 10357
Generating COCO JSON files...
 -> Training: 7249 images, 7337 boxes
 -> Validation: 1554 images, 1572 boxes
 -> Testing: 1554 images, 1576 boxes
Done! Wrote train_coco_det.json, val_coco_det.json, test_coco_det.json.
Multi-class COCO files were not modified: train_coco.json, val_coco.json, test_coco.json.
Label CSV used for this export: /data/jjia496/Mosquitoes/manual_labels.csv
Dataset images (version 3): /data/jjia496/.cache/kagglehub/datasets/duongnguyenquy/mosquitoes-compsci760/versions/3
Dataset labels directory: /data/jjia496/.cache/kagglehub/datasets/duongnguyenquy/mosquitoes-compsci760/labels
Restructuring data with absolute symlinks...
 -> Organizing train split...
    Kept 7249 images and 7337 annotations.
 -> Organizing valid split...
    Kept 1554 images and 1572 annotations.
 -> Organizing test split...
    Kept 1554 images and 1576 annotations.
Detection-only run: dataset=/data/jjia496/Mosquitoes/rfdetr_dataset_det, checkpoints=/data/jjia496/Mosquitoes/output_det (multi-class output/ and train_coco.json are left unchanged).
Training with num_classes=1 (from COCO categories).
Initializing RF-DETR model...
[2026-05-25 04:45:12] [INFO] rf-detr - File rf-detr-small.pth already exists with correct MD5 hash.
[2026-05-25 04:45:13] [INFO] rf-detr - File rf-detr-small.pth already exists with correct MD5 hash.
Starting training with validation...
Early stopping on validation mAP: patience=10 epochs, min_delta=0.001, use_ema=False.
[2026-05-25 04:45:16] [INFO] rf-detr - File rf-detr-small.pth already exists with correct MD5 hash.
[2026-05-25 04:45:18] [INFO] rf-detr - Building Roboflow train dataset with square resize at resolution 512
[2026-05-25 04:45:18] [INFO] rf-detr - Using multi-scale training with square resize and scales: [672]
[2026-05-25 04:45:18] [INFO] rf-detr - Built 1 Albumentations transforms from config
[2026-05-25 04:45:18] [INFO] rf-detr - Built 1 Albumentations transforms from config
loading annotations into memory...
Done (t=0.02s)
creating index...
index created!
[2026-05-25 04:45:18] [INFO] rf-detr - Building Roboflow val dataset with square resize at resolution 512
[2026-05-25 04:45:18] [INFO] rf-detr - Using multi-scale training with square resize and scales: [672]
[2026-05-25 04:45:18] [INFO] rf-detr - Built 1 Albumentations transforms from config
loading annotations into memory...
Done (t=0.00s)
creating index...
index created!
┏━━━┳━━━━━━━━━━━━━┳━━━━━━━━━━━━━━┳━━━━━━━━┳━━━━━━━┳━━━━━━━┓
┃   ┃ Name        ┃ Type         ┃ Params ┃ Mode  ┃ FLOPs ┃
┡━━━╇━━━━━━━━━━━━━╇━━━━━━━━━━━━━━╇━━━━━━━━╇━━━━━━━╇━━━━━━━┩
│ 0 │ model       │ LWDETR       │ 31.8 M │ train │     0 │
│ 1 │ criterion   │ SetCriterion │      0 │ train │     0 │
│ 2 │ postprocess │ PostProcess  │      0 │ train │     0 │
└───┴─────────────┴──────────────┴────────┴───────┴───────┘
Trainable params: 31.8 M                                                        
Non-trainable params: 0                                                         
Total params: 31.8 M                                                            
Total estimated model params size (MB): 127                                     
Modules in train mode: 466                                                      
Modules in eval mode: 0                                                         
Total FLOPs: 0                                                                  
                     Val — Overall Metrics                      
┏━━━━━━━━━━━━━━━━━━━━━━━━━━┳━━━━━━━━┳━━━━━━━━━━━━━━━━━━━━━━━━━━┓
┃           mAP            ┃  mAR   ┃         F1 sweep         ┃
┡━━━━━━━━┯━━━━━━━━┯━━━━━━━━╇━━━━━━━━╇━━━━━━━━┯━━━━━━━━┯━━━━━━━━┩
│ [1;92m50:95[0m  │   [1;36m50[0m   │   [1;36m75[0m   │  @[1;36m500[0m  │   F1   │  Prec  │ Recall │
├────────┼────────┼────────┼────────┼────────┼────────┼────────┤
│ [1;36m0.0847[0m │ [1;36m0.2454[0m │ [1;36m0.0549[0m │ [1;36m0.4375[0m │ [1;36m0.1463[0m │ [1;36m0.0811[0m │ [1;36m0.7500[0m │
└────────┴────────┴────────┴────────┴────────┴────────┴────────┘
[1;36m                   Val — Per-class Metrics                    [0m
┏━━━━━━━━━━┳━━━━━━━━━━┳━━━━━━━━┳━━━━━━━━┳━━━━━━━━━━━┳━━━━━━━━┓
┃[1;36m [0m[1;36mClass   [0m[1;36m [0m┃[1;36m [0m[1;36mAP 50:95[0m[1;36m [0m┃[1;36m [0m[1;36m    AR[0m[1;36m [0m┃[1;36m [0m[1;36m    F1[0m[1;36m [0m┃[1;36m [0m[1;36mPrecision[0m[1;36m [0m┃[1;36m [0m[1;36mRecall[0m[1;36m [0m┃
┡━━━━━━━━━━╇━━━━━━━━━━╇━━━━━━━━╇━━━━━━━━╇━━━━━━━━━━━╇━━━━━━━━┩
│[2m [0m[2mmosquito[0m[2m [0m│   0.0847 │ 0.4375 │ 0.1463 │    0.0811 │ 0.7500 │
└──────────┴──────────┴────────┴────────┴───────────┴────────┘
[2026-05-25 04:45:22] [INFO] rf-detr - Best EMA mAP improved to 0.0696 (epoch 0)
                     Val — Overall Metrics                      
┏━━━━━━━━━━━━━━━━━━━━━━━━━━┳━━━━━━━━┳━━━━━━━━━━━━━━━━━━━━━━━━━━┓
┃           mAP            ┃  mAR   ┃         F1 sweep         ┃
┡━━━━━━━━┯━━━━━━━━┯━━━━━━━━╇━━━━━━━━╇━━━━━━━━┯━━━━━━━━┯━━━━━━━━┩
│ [1;92m50:95[0m  │   [1;36m50[0m   │   [1;36m75[0m   │  @[1;36m500[0m  │   F1   │  Prec  │ Recall │
├────────┼────────┼────────┼────────┼────────┼────────┼────────┤
│ [1;36m0.7049[0m │ [1;36m0.9774[0m │ [1;36m0.8372[0m │ [1;36m0.8328[0m │ [1;36m0.9720[0m │ [1;36m0.9732[0m │ [1;36m0.9707[0m │
└────────┴────────┴────────┴────────┴────────┴────────┴────────┘
[1;36m                   Val — Per-class Metrics                    [0m
┏━━━━━━━━━━┳━━━━━━━━━━┳━━━━━━━━┳━━━━━━━━┳━━━━━━━━━━━┳━━━━━━━━┓
┃[1;36m [0m[1;36mClass   [0m[1;36m [0m┃[1;36m [0m[1;36mAP 50:95[0m[1;36m [0m┃[1;36m [0m[1;36m    AR[0m[1;36m [0m┃[1;36m [0m[1;36m    F1[0m[1;36m [0m┃[1;36m [0m[1;36mPrecision[0m[1;36m [0m┃[1;36m [0m[1;36mRecall[0m[1;36m [0m┃
┡━━━━━━━━━━╇━━━━━━━━━━╇━━━━━━━━╇━━━━━━━━╇━━━━━━━━━━━╇━━━━━━━━┩
│[2m [0m[2mmosquito[0m[2m [0m│   0.7049 │ 0.8328 │ 0.9720 │    0.9732 │ 0.9707 │
└──────────┴──────────┴────────┴────────┴───────────┴────────┘
[2026-05-25 04:57:50] [INFO] rf-detr - Best regular mAP saved to /data/jjia496/Mosquitoes/output_det/checkpoint_best_regular.pth (epoch 0)
[2026-05-25 04:57:51] [INFO] rf-detr - Best EMA mAP improved to 0.7136 (epoch 0)
                     Val — Overall Metrics                      
┏━━━━━━━━━━━━━━━━━━━━━━━━━━┳━━━━━━━━┳━━━━━━━━━━━━━━━━━━━━━━━━━━┓
┃           mAP            ┃  mAR   ┃         F1 sweep         ┃
┡━━━━━━━━┯━━━━━━━━┯━━━━━━━━╇━━━━━━━━╇━━━━━━━━┯━━━━━━━━┯━━━━━━━━┩
│ [1;92m50:95[0m  │   [1;36m50[0m   │   [1;36m75[0m   │  @[1;36m500[0m  │   F1   │  Prec  │ Recall │
├────────┼────────┼────────┼────────┼────────┼────────┼────────┤
│ [1;36m0.7131[0m │ [1;36m0.9807[0m │ [1;36m0.8443[0m │ [1;36m0.8396[0m │ [1;36m0.9763[0m │ [1;36m0.9820[0m │ [1;36m0.9707[0m │
└────────┴────────┴────────┴────────┴────────┴────────┴────────┘
[1;36m                   Val — Per-class Metrics                    [0m
┏━━━━━━━━━━┳━━━━━━━━━━┳━━━━━━━━┳━━━━━━━━┳━━━━━━━━━━━┳━━━━━━━━┓
┃[1;36m [0m[1;36mClass   [0m[1;36m [0m┃[1;36m [0m[1;36mAP 50:95[0m[1;36m [0m┃[1;36m [0m[1;36m    AR[0m[1;36m [0m┃[1;36m [0m[1;36m    F1[0m[1;36m [0m┃[1;36m [0m[1;36mPrecision[0m[1;36m [0m┃[1;36m [0m[1;36mRecall[0m[1;36m [0m┃
┡━━━━━━━━━━╇━━━━━━━━━━╇━━━━━━━━╇━━━━━━━━╇━━━━━━━━━━━╇━━━━━━━━┩
│[2m [0m[2mmosquito[0m[2m [0m│   0.7131 │ 0.8396 │ 0.9763 │    0.9820 │ 0.9707 │
└──────────┴──────────┴────────┴────────┴───────────┴────────┘
[2026-05-25 05:10:13] [INFO] rf-detr - Best regular mAP saved to /data/jjia496/Mosquitoes/output_det/checkpoint_best_regular.pth (epoch 1)
[2026-05-25 05:10:13] [INFO] rf-detr - Best EMA mAP improved to 0.7348 (epoch 1)
                     Val — Overall Metrics                      
┏━━━━━━━━━━━━━━━━━━━━━━━━━━┳━━━━━━━━┳━━━━━━━━━━━━━━━━━━━━━━━━━━┓
┃           mAP            ┃  mAR   ┃         F1 sweep         ┃
┡━━━━━━━━┯━━━━━━━━┯━━━━━━━━╇━━━━━━━━╇━━━━━━━━┯━━━━━━━━┯━━━━━━━━┩
│ [1;92m50:95[0m  │   [1;36m50[0m   │   [1;36m75[0m   │  @[1;36m500[0m  │   F1   │  Prec  │ Recall │
├────────┼────────┼────────┼────────┼────────┼────────┼────────┤
│ [1;36m0.7205[0m │ [1;36m0.9796[0m │ [1;36m0.8580[0m │ [1;36m0.8257[0m │ [1;36m0.9725[0m │ [1;36m0.9794[0m │ [1;36m0.9656[0m │
└────────┴────────┴────────┴────────┴────────┴────────┴────────┘
[1;36m                   Val — Per-class Metrics                    [0m
┏━━━━━━━━━━┳━━━━━━━━━━┳━━━━━━━━┳━━━━━━━━┳━━━━━━━━━━━┳━━━━━━━━┓
┃[1;36m [0m[1;36mClass   [0m[1;36m [0m┃[1;36m [0m[1;36mAP 50:95[0m[1;36m [0m┃[1;36m [0m[1;36m    AR[0m[1;36m [0m┃[1;36m [0m[1;36m    F1[0m[1;36m [0m┃[1;36m [0m[1;36mPrecision[0m[1;36m [0m┃[1;36m [0m[1;36mRecall[0m[1;36m [0m┃
┡━━━━━━━━━━╇━━━━━━━━━━╇━━━━━━━━╇━━━━━━━━╇━━━━━━━━━━━╇━━━━━━━━┩
│[2m [0m[2mmosquito[0m[2m [0m│   0.7205 │ 0.8257 │ 0.9725 │    0.9794 │ 0.9656 │
└──────────┴──────────┴────────┴────────┴───────────┴────────┘
[2026-05-25 05:22:28] [INFO] rf-detr - Best regular mAP saved to /data/jjia496/Mosquitoes/output_det/checkpoint_best_regular.pth (epoch 2)
[2026-05-25 05:22:28] [INFO] rf-detr - Best EMA mAP improved to 0.7437 (epoch 2)
                     Val — Overall Metrics                      
┏━━━━━━━━━━━━━━━━━━━━━━━━━━┳━━━━━━━━┳━━━━━━━━━━━━━━━━━━━━━━━━━━┓
┃           mAP            ┃  mAR   ┃         F1 sweep         ┃
┡━━━━━━━━┯━━━━━━━━┯━━━━━━━━╇━━━━━━━━╇━━━━━━━━┯━━━━━━━━┯━━━━━━━━┩
│ [1;92m50:95[0m  │   [1;36m50[0m   │   [1;36m75[0m   │  @[1;36m500[0m  │   F1   │  Prec  │ Recall │
├────────┼────────┼────────┼────────┼────────┼────────┼────────┤
│ [1;36m0.7334[0m │ [1;36m0.9829[0m │ [1;36m0.8648[0m │ [1;36m0.8389[0m │ [1;36m0.9745[0m │ [1;36m0.9758[0m │ [1;36m0.9733[0m │
└────────┴────────┴────────┴────────┴────────┴────────┴────────┘
[1;36m                   Val — Per-class Metrics                    [0m
┏━━━━━━━━━━┳━━━━━━━━━━┳━━━━━━━━┳━━━━━━━━┳━━━━━━━━━━━┳━━━━━━━━┓
┃[1;36m [0m[1;36mClass   [0m[1;36m [0m┃[1;36m [0m[1;36mAP 50:95[0m[1;36m [0m┃[1;36m [0m[1;36m    AR[0m[1;36m [0m┃[1;36m [0m[1;36m    F1[0m[1;36m [0m┃[1;36m [0m[1;36mPrecision[0m[1;36m [0m┃[1;36m [0m[1;36mRecall[0m[1;36m [0m┃
┡━━━━━━━━━━╇━━━━━━━━━━╇━━━━━━━━╇━━━━━━━━╇━━━━━━━━━━━╇━━━━━━━━┩
│[2m [0m[2mmosquito[0m[2m [0m│   0.7334 │ 0.8389 │ 0.9745 │    0.9758 │ 0.9733 │
└──────────┴──────────┴────────┴────────┴───────────┴────────┘
[2026-05-25 05:34:46] [INFO] rf-detr - Best regular mAP saved to /data/jjia496/Mosquitoes/output_det/checkpoint_best_regular.pth (epoch 3)
[2026-05-25 05:34:47] [INFO] rf-detr - Best EMA mAP improved to 0.7477 (epoch 3)
                     Val — Overall Metrics                      
┏━━━━━━━━━━━━━━━━━━━━━━━━━━┳━━━━━━━━┳━━━━━━━━━━━━━━━━━━━━━━━━━━┓
┃           mAP            ┃  mAR   ┃         F1 sweep         ┃
┡━━━━━━━━┯━━━━━━━━┯━━━━━━━━╇━━━━━━━━╇━━━━━━━━┯━━━━━━━━┯━━━━━━━━┩
│ [1;92m50:95[0m  │   [1;36m50[0m   │   [1;36m75[0m   │  @[1;36m500[0m  │   F1   │  Prec  │ Recall │
├────────┼────────┼────────┼────────┼────────┼────────┼────────┤
│ [1;36m0.7324[0m │ [1;36m0.9785[0m │ [1;36m0.8590[0m │ [1;36m0.8078[0m │ [1;36m0.9768[0m │ [1;36m0.9753[0m │ [1;36m0.9784[0m │
└────────┴────────┴────────┴────────┴────────┴────────┴────────┘
[1;36m                   Val — Per-class Metrics                    [0m
┏━━━━━━━━━━┳━━━━━━━━━━┳━━━━━━━━┳━━━━━━━━┳━━━━━━━━━━━┳━━━━━━━━┓
┃[1;36m [0m[1;36mClass   [0m[1;36m [0m┃[1;36m [0m[1;36mAP 50:95[0m[1;36m [0m┃[1;36m [0m[1;36m    AR[0m[1;36m [0m┃[1;36m [0m[1;36m    F1[0m[1;36m [0m┃[1;36m [0m[1;36mPrecision[0m[1;36m [0m┃[1;36m [0m[1;36mRecall[0m[1;36m [0m┃
┡━━━━━━━━━━╇━━━━━━━━━━╇━━━━━━━━╇━━━━━━━━╇━━━━━━━━━━━╇━━━━━━━━┩
│[2m [0m[2mmosquito[0m[2m [0m│   0.7324 │ 0.8078 │ 0.9768 │    0.9753 │ 0.9784 │
└──────────┴──────────┴────────┴────────┴───────────┴────────┘
                     Val — Overall Metrics                      
┏━━━━━━━━━━━━━━━━━━━━━━━━━━┳━━━━━━━━┳━━━━━━━━━━━━━━━━━━━━━━━━━━┓
┃           mAP            ┃  mAR   ┃         F1 sweep         ┃
┡━━━━━━━━┯━━━━━━━━┯━━━━━━━━╇━━━━━━━━╇━━━━━━━━┯━━━━━━━━┯━━━━━━━━┩
│ [1;92m50:95[0m  │   [1;36m50[0m   │   [1;36m75[0m   │  @[1;36m500[0m  │   F1   │  Prec  │ Recall │
├────────┼────────┼────────┼────────┼────────┼────────┼────────┤
│ [1;36m0.7293[0m │ [1;36m0.9797[0m │ [1;36m0.8566[0m │ [1;36m0.8212[0m │ [1;36m0.9767[0m │ [1;36m0.9820[0m │ [1;36m0.9714[0m │
└────────┴────────┴────────┴────────┴────────┴────────┴────────┘
[1;36m                   Val — Per-class Metrics                    [0m
┏━━━━━━━━━━┳━━━━━━━━━━┳━━━━━━━━┳━━━━━━━━┳━━━━━━━━━━━┳━━━━━━━━┓
┃[1;36m [0m[1;36mClass   [0m[1;36m [0m┃[1;36m [0m[1;36mAP 50:95[0m[1;36m [0m┃[1;36m [0m[1;36m    AR[0m[1;36m [0m┃[1;36m [0m[1;36m    F1[0m[1;36m [0m┃[1;36m [0m[1;36mPrecision[0m[1;36m [0m┃[1;36m [0m[1;36mRecall[0m[1;36m [0m┃
┡━━━━━━━━━━╇━━━━━━━━━━╇━━━━━━━━╇━━━━━━━━╇━━━━━━━━━━━╇━━━━━━━━┩
│[2m [0m[2mmosquito[0m[2m [0m│   0.7293 │ 0.8212 │ 0.9767 │    0.9820 │ 0.9714 │
└──────────┴──────────┴────────┴────────┴───────────┴────────┘
                     Val — Overall Metrics                      
┏━━━━━━━━━━━━━━━━━━━━━━━━━━┳━━━━━━━━┳━━━━━━━━━━━━━━━━━━━━━━━━━━┓
┃           mAP            ┃  mAR   ┃         F1 sweep         ┃
┡━━━━━━━━┯━━━━━━━━┯━━━━━━━━╇━━━━━━━━╇━━━━━━━━┯━━━━━━━━┯━━━━━━━━┩
│ [1;92m50:95[0m  │   [1;36m50[0m   │   [1;36m75[0m   │  @[1;36m500[0m  │   F1   │  Prec  │ Recall │
├────────┼────────┼────────┼────────┼────────┼────────┼────────┤
│ [1;36m0.7332[0m │ [1;36m0.9830[0m │ [1;36m0.8602[0m │ [1;36m0.8055[0m │ [1;36m0.9771[0m │ [1;36m0.9783[0m │ [1;36m0.9758[0m │
└────────┴────────┴────────┴────────┴────────┴────────┴────────┘
[1;36m                   Val — Per-class Metrics                    [0m
┏━━━━━━━━━━┳━━━━━━━━━━┳━━━━━━━━┳━━━━━━━━┳━━━━━━━━━━━┳━━━━━━━━┓
┃[1;36m [0m[1;36mClass   [0m[1;36m [0m┃[1;36m [0m[1;36mAP 50:95[0m[1;36m [0m┃[1;36m [0m[1;36m    AR[0m[1;36m [0m┃[1;36m [0m[1;36m    F1[0m[1;36m [0m┃[1;36m [0m[1;36mPrecision[0m[1;36m [0m┃[1;36m [0m[1;36mRecall[0m[1;36m [0m┃
┡━━━━━━━━━━╇━━━━━━━━━━╇━━━━━━━━╇━━━━━━━━╇━━━━━━━━━━━╇━━━━━━━━┩
│[2m [0m[2mmosquito[0m[2m [0m│   0.7332 │ 0.8055 │ 0.9771 │    0.9783 │ 0.9758 │
└──────────┴──────────┴────────┴────────┴───────────┴────────┘
[2026-05-25 06:11:46] [INFO] rf-detr - Best EMA mAP improved to 0.7509 (epoch 6)
                     Val — Overall Metrics                      
┏━━━━━━━━━━━━━━━━━━━━━━━━━━┳━━━━━━━━┳━━━━━━━━━━━━━━━━━━━━━━━━━━┓
┃           mAP            ┃  mAR   ┃         F1 sweep         ┃
┡━━━━━━━━┯━━━━━━━━┯━━━━━━━━╇━━━━━━━━╇━━━━━━━━┯━━━━━━━━┯━━━━━━━━┩
│ [1;92m50:95[0m  │   [1;36m50[0m   │   [1;36m75[0m   │  @[1;36m500[0m  │   F1   │  Prec  │ Recall │
├────────┼────────┼────────┼────────┼────────┼────────┼────────┤
│ [1;36m0.7358[0m │ [1;36m0.9832[0m │ [1;36m0.8601[0m │ [1;36m0.7983[0m │ [1;36m0.9763[0m │ [1;36m0.9820[0m │ [1;36m0.9707[0m │
└────────┴────────┴────────┴────────┴────────┴────────┴────────┘
[1;36m                   Val — Per-class Metrics                    [0m
┏━━━━━━━━━━┳━━━━━━━━━━┳━━━━━━━━┳━━━━━━━━┳━━━━━━━━━━━┳━━━━━━━━┓
┃[1;36m [0m[1;36mClass   [0m[1;36m [0m┃[1;36m [0m[1;36mAP 50:95[0m[1;36m [0m┃[1;36m [0m[1;36m    AR[0m[1;36m [0m┃[1;36m [0m[1;36m    F1[0m[1;36m [0m┃[1;36m [0m[1;36mPrecision[0m[1;36m [0m┃[1;36m [0m[1;36mRecall[0m[1;36m [0m┃
┡━━━━━━━━━━╇━━━━━━━━━━╇━━━━━━━━╇━━━━━━━━╇━━━━━━━━━━━╇━━━━━━━━┩
│[2m [0m[2mmosquito[0m[2m [0m│   0.7358 │ 0.7983 │ 0.9763 │    0.9820 │ 0.9707 │
└──────────┴──────────┴────────┴────────┴───────────┴────────┘
[2026-05-25 06:24:06] [INFO] rf-detr - Best regular mAP saved to /data/jjia496/Mosquitoes/output_det/checkpoint_best_regular.pth (epoch 7)
[2026-05-25 06:24:06] [INFO] rf-detr - Best EMA mAP improved to 0.7519 (epoch 7)
                     Val — Overall Metrics                      
┏━━━━━━━━━━━━━━━━━━━━━━━━━━┳━━━━━━━━┳━━━━━━━━━━━━━━━━━━━━━━━━━━┓
┃           mAP            ┃  mAR   ┃         F1 sweep         ┃
┡━━━━━━━━┯━━━━━━━━┯━━━━━━━━╇━━━━━━━━╇━━━━━━━━┯━━━━━━━━┯━━━━━━━━┩
│ [1;92m50:95[0m  │   [1;36m50[0m   │   [1;36m75[0m   │  @[1;36m500[0m  │   F1   │  Prec  │ Recall │
├────────┼────────┼────────┼────────┼────────┼────────┼────────┤
│ [1;36m0.7335[0m │ [1;36m0.9801[0m │ [1;36m0.8489[0m │ [1;36m0.8010[0m │ [1;36m0.9757[0m │ [1;36m0.9789[0m │ [1;36m0.9726[0m │
└────────┴────────┴────────┴────────┴────────┴────────┴────────┘
[1;36m                   Val — Per-class Metrics                    [0m
┏━━━━━━━━━━┳━━━━━━━━━━┳━━━━━━━━┳━━━━━━━━┳━━━━━━━━━━━┳━━━━━━━━┓
┃[1;36m [0m[1;36mClass   [0m[1;36m [0m┃[1;36m [0m[1;36mAP 50:95[0m[1;36m [0m┃[1;36m [0m[1;36m    AR[0m[1;36m [0m┃[1;36m [0m[1;36m    F1[0m[1;36m [0m┃[1;36m [0m[1;36mPrecision[0m[1;36m [0m┃[1;36m [0m[1;36mRecall[0m[1;36m [0m┃
┡━━━━━━━━━━╇━━━━━━━━━━╇━━━━━━━━╇━━━━━━━━╇━━━━━━━━━━━╇━━━━━━━━┩
│[2m [0m[2mmosquito[0m[2m [0m│   0.7335 │ 0.8010 │ 0.9757 │    0.9789 │ 0.9726 │
└──────────┴──────────┴────────┴────────┴───────────┴────────┘
[2026-05-25 06:36:19] [INFO] rf-detr - Best EMA mAP improved to 0.7526 (epoch 8)
                     Val — Overall Metrics                      
┏━━━━━━━━━━━━━━━━━━━━━━━━━━┳━━━━━━━━┳━━━━━━━━━━━━━━━━━━━━━━━━━━┓
┃           mAP            ┃  mAR   ┃         F1 sweep         ┃
┡━━━━━━━━┯━━━━━━━━┯━━━━━━━━╇━━━━━━━━╇━━━━━━━━┯━━━━━━━━┯━━━━━━━━┩
│ [1;92m50:95[0m  │   [1;36m50[0m   │   [1;36m75[0m   │  @[1;36m500[0m  │   F1   │  Prec  │ Recall │
├────────┼────────┼────────┼────────┼────────┼────────┼────────┤
│ [1;36m0.7412[0m │ [1;36m0.9848[0m │ [1;36m0.8624[0m │ [1;36m0.8050[0m │ [1;36m0.9796[0m │ [1;36m0.9833[0m │ [1;36m0.9758[0m │
└────────┴────────┴────────┴────────┴────────┴────────┴────────┘
[1;36m                   Val — Per-class Metrics                    [0m
┏━━━━━━━━━━┳━━━━━━━━━━┳━━━━━━━━┳━━━━━━━━┳━━━━━━━━━━━┳━━━━━━━━┓
┃[1;36m [0m[1;36mClass   [0m[1;36m [0m┃[1;36m [0m[1;36mAP 50:95[0m[1;36m [0m┃[1;36m [0m[1;36m    AR[0m[1;36m [0m┃[1;36m [0m[1;36m    F1[0m[1;36m [0m┃[1;36m [0m[1;36mPrecision[0m[1;36m [0m┃[1;36m [0m[1;36mRecall[0m[1;36m [0m┃
┡━━━━━━━━━━╇━━━━━━━━━━╇━━━━━━━━╇━━━━━━━━╇━━━━━━━━━━━╇━━━━━━━━┩
│[2m [0m[2mmosquito[0m[2m [0m│   0.7412 │ 0.8050 │ 0.9796 │    0.9833 │ 0.9758 │
└──────────┴──────────┴────────┴────────┴───────────┴────────┘
[2026-05-25 06:48:31] [INFO] rf-detr - Best regular mAP saved to /data/jjia496/Mosquitoes/output_det/checkpoint_best_regular.pth (epoch 9)
[2026-05-25 06:48:31] [INFO] rf-detr - Best EMA mAP improved to 0.7546 (epoch 9)
                     Val — Overall Metrics                      
┏━━━━━━━━━━━━━━━━━━━━━━━━━━┳━━━━━━━━┳━━━━━━━━━━━━━━━━━━━━━━━━━━┓
┃           mAP            ┃  mAR   ┃         F1 sweep         ┃
┡━━━━━━━━┯━━━━━━━━┯━━━━━━━━╇━━━━━━━━╇━━━━━━━━┯━━━━━━━━┯━━━━━━━━┩
│ [1;92m50:95[0m  │   [1;36m50[0m   │   [1;36m75[0m   │  @[1;36m500[0m  │   F1   │  Prec  │ Recall │
├────────┼────────┼────────┼────────┼────────┼────────┼────────┤
│ [1;36m0.7312[0m │ [1;36m0.9812[0m │ [1;36m0.8628[0m │ [1;36m0.7899[0m │ [1;36m0.9774[0m │ [1;36m0.9777[0m │ [1;36m0.9771[0m │
└────────┴────────┴────────┴────────┴────────┴────────┴────────┘
[1;36m                   Val — Per-class Metrics                    [0m
┏━━━━━━━━━━┳━━━━━━━━━━┳━━━━━━━━┳━━━━━━━━┳━━━━━━━━━━━┳━━━━━━━━┓
┃[1;36m [0m[1;36mClass   [0m[1;36m [0m┃[1;36m [0m[1;36mAP 50:95[0m[1;36m [0m┃[1;36m [0m[1;36m    AR[0m[1;36m [0m┃[1;36m [0m[1;36m    F1[0m[1;36m [0m┃[1;36m [0m[1;36mPrecision[0m[1;36m [0m┃[1;36m [0m[1;36mRecall[0m[1;36m [0m┃
┡━━━━━━━━━━╇━━━━━━━━━━╇━━━━━━━━╇━━━━━━━━╇━━━━━━━━━━━╇━━━━━━━━┩
│[2m [0m[2mmosquito[0m[2m [0m│   0.7312 │ 0.7899 │ 0.9774 │    0.9777 │ 0.9771 │
└──────────┴──────────┴────────┴────────┴───────────┴────────┘
[2026-05-25 07:00:52] [INFO] rf-detr - Best EMA mAP improved to 0.7570 (epoch 10)
                     Val — Overall Metrics                      
┏━━━━━━━━━━━━━━━━━━━━━━━━━━┳━━━━━━━━┳━━━━━━━━━━━━━━━━━━━━━━━━━━┓
┃           mAP            ┃  mAR   ┃         F1 sweep         ┃
┡━━━━━━━━┯━━━━━━━━┯━━━━━━━━╇━━━━━━━━╇━━━━━━━━┯━━━━━━━━┯━━━━━━━━┩
│ [1;92m50:95[0m  │   [1;36m50[0m   │   [1;36m75[0m   │  @[1;36m500[0m  │   F1   │  Prec  │ Recall │
├────────┼────────┼────────┼────────┼────────┼────────┼────────┤
│ [1;36m0.7409[0m │ [1;36m0.9822[0m │ [1;36m0.8725[0m │ [1;36m0.8019[0m │ [1;36m0.9783[0m │ [1;36m0.9802[0m │ [1;36m0.9765[0m │
└────────┴────────┴────────┴────────┴────────┴────────┴────────┘
[1;36m                   Val — Per-class Metrics                    [0m
┏━━━━━━━━━━┳━━━━━━━━━━┳━━━━━━━━┳━━━━━━━━┳━━━━━━━━━━━┳━━━━━━━━┓
┃[1;36m [0m[1;36mClass   [0m[1;36m [0m┃[1;36m [0m[1;36mAP 50:95[0m[1;36m [0m┃[1;36m [0m[1;36m    AR[0m[1;36m [0m┃[1;36m [0m[1;36m    F1[0m[1;36m [0m┃[1;36m [0m[1;36mPrecision[0m[1;36m [0m┃[1;36m [0m[1;36mRecall[0m[1;36m [0m┃
┡━━━━━━━━━━╇━━━━━━━━━━╇━━━━━━━━╇━━━━━━━━╇━━━━━━━━━━━╇━━━━━━━━┩
│[2m [0m[2mmosquito[0m[2m [0m│   0.7409 │ 0.8019 │ 0.9783 │    0.9802 │ 0.9765 │
└──────────┴──────────┴────────┴────────┴───────────┴────────┘
                     Val — Overall Metrics                      
┏━━━━━━━━━━━━━━━━━━━━━━━━━━┳━━━━━━━━┳━━━━━━━━━━━━━━━━━━━━━━━━━━┓
┃           mAP            ┃  mAR   ┃         F1 sweep         ┃
┡━━━━━━━━┯━━━━━━━━┯━━━━━━━━╇━━━━━━━━╇━━━━━━━━┯━━━━━━━━┯━━━━━━━━┩
│ [1;92m50:95[0m  │   [1;36m50[0m   │   [1;36m75[0m   │  @[1;36m500[0m  │   F1   │  Prec  │ Recall │
├────────┼────────┼────────┼────────┼────────┼────────┼────────┤
│ [1;36m0.7342[0m │ [1;36m0.9824[0m │ [1;36m0.8702[0m │ [1;36m0.8158[0m │ [1;36m0.9793[0m │ [1;36m0.9809[0m │ [1;36m0.9777[0m │
└────────┴────────┴────────┴────────┴────────┴────────┴────────┘
[1;36m                   Val — Per-class Metrics                    [0m
┏━━━━━━━━━━┳━━━━━━━━━━┳━━━━━━━━┳━━━━━━━━┳━━━━━━━━━━━┳━━━━━━━━┓
┃[1;36m [0m[1;36mClass   [0m[1;36m [0m┃[1;36m [0m[1;36mAP 50:95[0m[1;36m [0m┃[1;36m [0m[1;36m    AR[0m[1;36m [0m┃[1;36m [0m[1;36m    F1[0m[1;36m [0m┃[1;36m [0m[1;36mPrecision[0m[1;36m [0m┃[1;36m [0m[1;36mRecall[0m[1;36m [0m┃
┡━━━━━━━━━━╇━━━━━━━━━━╇━━━━━━━━╇━━━━━━━━╇━━━━━━━━━━━╇━━━━━━━━┩
│[2m [0m[2mmosquito[0m[2m [0m│   0.7342 │ 0.8158 │ 0.9793 │    0.9809 │ 0.9777 │
└──────────┴──────────┴────────┴────────┴───────────┴────────┘
                     Val — Overall Metrics                      
┏━━━━━━━━━━━━━━━━━━━━━━━━━━┳━━━━━━━━┳━━━━━━━━━━━━━━━━━━━━━━━━━━┓
┃           mAP            ┃  mAR   ┃         F1 sweep         ┃
┡━━━━━━━━┯━━━━━━━━┯━━━━━━━━╇━━━━━━━━╇━━━━━━━━┯━━━━━━━━┯━━━━━━━━┩
│ [1;92m50:95[0m  │   [1;36m50[0m   │   [1;36m75[0m   │  @[1;36m500[0m  │   F1   │  Prec  │ Recall │
├────────┼────────┼────────┼────────┼────────┼────────┼────────┤
│ [1;36m0.7333[0m │ [1;36m0.9800[0m │ [1;36m0.8660[0m │ [1;36m0.8161[0m │ [1;36m0.9758[0m │ [1;36m0.9764[0m │ [1;36m0.9752[0m │
└────────┴────────┴────────┴────────┴────────┴────────┴────────┘
[1;36m                   Val — Per-class Metrics                    [0m
┏━━━━━━━━━━┳━━━━━━━━━━┳━━━━━━━━┳━━━━━━━━┳━━━━━━━━━━━┳━━━━━━━━┓
┃[1;36m [0m[1;36mClass   [0m[1;36m [0m┃[1;36m [0m[1;36mAP 50:95[0m[1;36m [0m┃[1;36m [0m[1;36m    AR[0m[1;36m [0m┃[1;36m [0m[1;36m    F1[0m[1;36m [0m┃[1;36m [0m[1;36mPrecision[0m[1;36m [0m┃[1;36m [0m[1;36mRecall[0m[1;36m [0m┃
┡━━━━━━━━━━╇━━━━━━━━━━╇━━━━━━━━╇━━━━━━━━╇━━━━━━━━━━━╇━━━━━━━━┩
│[2m [0m[2mmosquito[0m[2m [0m│   0.7333 │ 0.8161 │ 0.9758 │    0.9764 │ 0.9752 │
└──────────┴──────────┴────────┴────────┴───────────┴────────┘
                     Val — Overall Metrics                      
┏━━━━━━━━━━━━━━━━━━━━━━━━━━┳━━━━━━━━┳━━━━━━━━━━━━━━━━━━━━━━━━━━┓
┃           mAP            ┃  mAR   ┃         F1 sweep         ┃
┡━━━━━━━━┯━━━━━━━━┯━━━━━━━━╇━━━━━━━━╇━━━━━━━━┯━━━━━━━━┯━━━━━━━━┩
│ [1;92m50:95[0m  │   [1;36m50[0m   │   [1;36m75[0m   │  @[1;36m500[0m  │   F1   │  Prec  │ Recall │
├────────┼────────┼────────┼────────┼────────┼────────┼────────┤
│ [1;36m0.7423[0m │ [1;36m0.9812[0m │ [1;36m0.8750[0m │ [1;36m0.8093[0m │ [1;36m0.9763[0m │ [1;36m0.9814[0m │ [1;36m0.9714[0m │
└────────┴────────┴────────┴────────┴────────┴────────┴────────┘
[1;36m                   Val — Per-class Metrics                    [0m
┏━━━━━━━━━━┳━━━━━━━━━━┳━━━━━━━━┳━━━━━━━━┳━━━━━━━━━━━┳━━━━━━━━┓
┃[1;36m [0m[1;36mClass   [0m[1;36m [0m┃[1;36m [0m[1;36mAP 50:95[0m[1;36m [0m┃[1;36m [0m[1;36m    AR[0m[1;36m [0m┃[1;36m [0m[1;36m    F1[0m[1;36m [0m┃[1;36m [0m[1;36mPrecision[0m[1;36m [0m┃[1;36m [0m[1;36mRecall[0m[1;36m [0m┃
┡━━━━━━━━━━╇━━━━━━━━━━╇━━━━━━━━╇━━━━━━━━╇━━━━━━━━━━━╇━━━━━━━━┩
│[2m [0m[2mmosquito[0m[2m [0m│   0.7423 │ 0.8093 │ 0.9763 │    0.9814 │ 0.9714 │
└──────────┴──────────┴────────┴────────┴───────────┴────────┘
[2026-05-25 07:49:59] [INFO] rf-detr - Best regular mAP saved to /data/jjia496/Mosquitoes/output_det/checkpoint_best_regular.pth (epoch 14)
                     Val — Overall Metrics                      
┏━━━━━━━━━━━━━━━━━━━━━━━━━━┳━━━━━━━━┳━━━━━━━━━━━━━━━━━━━━━━━━━━┓
┃           mAP            ┃  mAR   ┃         F1 sweep         ┃
┡━━━━━━━━┯━━━━━━━━┯━━━━━━━━╇━━━━━━━━╇━━━━━━━━┯━━━━━━━━┯━━━━━━━━┩
│ [1;92m50:95[0m  │   [1;36m50[0m   │   [1;36m75[0m   │  @[1;36m500[0m  │   F1   │  Prec  │ Recall │
├────────┼────────┼────────┼────────┼────────┼────────┼────────┤
│ [1;36m0.7437[0m │ [1;36m0.9814[0m │ [1;36m0.8622[0m │ [1;36m0.8165[0m │ [1;36m0.9758[0m │ [1;36m0.9777[0m │ [1;36m0.9739[0m │
└────────┴────────┴────────┴────────┴────────┴────────┴────────┘
[1;36m                   Val — Per-class Metrics                    [0m
┏━━━━━━━━━━┳━━━━━━━━━━┳━━━━━━━━┳━━━━━━━━┳━━━━━━━━━━━┳━━━━━━━━┓
┃[1;36m [0m[1;36mClass   [0m[1;36m [0m┃[1;36m [0m[1;36mAP 50:95[0m[1;36m [0m┃[1;36m [0m[1;36m    AR[0m[1;36m [0m┃[1;36m [0m[1;36m    F1[0m[1;36m [0m┃[1;36m [0m[1;36mPrecision[0m[1;36m [0m┃[1;36m [0m[1;36mRecall[0m[1;36m [0m┃
┡━━━━━━━━━━╇━━━━━━━━━━╇━━━━━━━━╇━━━━━━━━╇━━━━━━━━━━━╇━━━━━━━━┩
│[2m [0m[2mmosquito[0m[2m [0m│   0.7437 │ 0.8165 │ 0.9758 │    0.9777 │ 0.9739 │
└──────────┴──────────┴────────┴────────┴───────────┴────────┘
[2026-05-25 08:02:20] [INFO] rf-detr - Best regular mAP saved to /data/jjia496/Mosquitoes/output_det/checkpoint_best_regular.pth (epoch 15)
                     Val — Overall Metrics                      
┏━━━━━━━━━━━━━━━━━━━━━━━━━━┳━━━━━━━━┳━━━━━━━━━━━━━━━━━━━━━━━━━━┓
┃           mAP            ┃  mAR   ┃         F1 sweep         ┃
┡━━━━━━━━┯━━━━━━━━┯━━━━━━━━╇━━━━━━━━╇━━━━━━━━┯━━━━━━━━┯━━━━━━━━┩
│ [1;92m50:95[0m  │   [1;36m50[0m   │   [1;36m75[0m   │  @[1;36m500[0m  │   F1   │  Prec  │ Recall │
├────────┼────────┼────────┼────────┼────────┼────────┼────────┤
│ [1;36m0.7419[0m │ [1;36m0.9837[0m │ [1;36m0.8665[0m │ [1;36m0.8123[0m │ [1;36m0.9767[0m │ [1;36m0.9801[0m │ [1;36m0.9733[0m │
└────────┴────────┴────────┴────────┴────────┴────────┴────────┘
[1;36m                   Val — Per-class Metrics                    [0m
┏━━━━━━━━━━┳━━━━━━━━━━┳━━━━━━━━┳━━━━━━━━┳━━━━━━━━━━━┳━━━━━━━━┓
┃[1;36m [0m[1;36mClass   [0m[1;36m [0m┃[1;36m [0m[1;36mAP 50:95[0m[1;36m [0m┃[1;36m [0m[1;36m    AR[0m[1;36m [0m┃[1;36m [0m[1;36m    F1[0m[1;36m [0m┃[1;36m [0m[1;36mPrecision[0m[1;36m [0m┃[1;36m [0m[1;36mRecall[0m[1;36m [0m┃
┡━━━━━━━━━━╇━━━━━━━━━━╇━━━━━━━━╇━━━━━━━━╇━━━━━━━━━━━╇━━━━━━━━┩
│[2m [0m[2mmosquito[0m[2m [0m│   0.7419 │ 0.8123 │ 0.9767 │    0.9801 │ 0.9733 │
└──────────┴──────────┴────────┴────────┴───────────┴────────┘
                     Val — Overall Metrics                      
┏━━━━━━━━━━━━━━━━━━━━━━━━━━┳━━━━━━━━┳━━━━━━━━━━━━━━━━━━━━━━━━━━┓
┃           mAP            ┃  mAR   ┃         F1 sweep         ┃
┡━━━━━━━━┯━━━━━━━━┯━━━━━━━━╇━━━━━━━━╇━━━━━━━━┯━━━━━━━━┯━━━━━━━━┩
│ [1;92m50:95[0m  │   [1;36m50[0m   │   [1;36m75[0m   │  @[1;36m500[0m  │   F1   │  Prec  │ Recall │
├────────┼────────┼────────┼────────┼────────┼────────┼────────┤
│ [1;36m0.7297[0m │ [1;36m0.9789[0m │ [1;36m0.8520[0m │ [1;36m0.7970[0m │ [1;36m0.9776[0m │ [1;36m0.9851[0m │ [1;36m0.9701[0m │
└────────┴────────┴────────┴────────┴────────┴────────┴────────┘
[1;36m                   Val — Per-class Metrics                    [0m
┏━━━━━━━━━━┳━━━━━━━━━━┳━━━━━━━━┳━━━━━━━━┳━━━━━━━━━━━┳━━━━━━━━┓
┃[1;36m [0m[1;36mClass   [0m[1;36m [0m┃[1;36m [0m[1;36mAP 50:95[0m[1;36m [0m┃[1;36m [0m[1;36m    AR[0m[1;36m [0m┃[1;36m [0m[1;36m    F1[0m[1;36m [0m┃[1;36m [0m[1;36mPrecision[0m[1;36m [0m┃[1;36m [0m[1;36mRecall[0m[1;36m [0m┃
┡━━━━━━━━━━╇━━━━━━━━━━╇━━━━━━━━╇━━━━━━━━╇━━━━━━━━━━━╇━━━━━━━━┩
│[2m [0m[2mmosquito[0m[2m [0m│   0.7297 │ 0.7970 │ 0.9776 │    0.9851 │ 0.9701 │
└──────────┴──────────┴────────┴────────┴───────────┴────────┘
[2026-05-25 08:26:54] [INFO] rf-detr - Best EMA mAP improved to 0.7579 (epoch 17)
                     Val — Overall Metrics                      
┏━━━━━━━━━━━━━━━━━━━━━━━━━━┳━━━━━━━━┳━━━━━━━━━━━━━━━━━━━━━━━━━━┓
┃           mAP            ┃  mAR   ┃         F1 sweep         ┃
┡━━━━━━━━┯━━━━━━━━┯━━━━━━━━╇━━━━━━━━╇━━━━━━━━┯━━━━━━━━┯━━━━━━━━┩
│ [1;92m50:95[0m  │   [1;36m50[0m   │   [1;36m75[0m   │  @[1;36m500[0m  │   F1   │  Prec  │ Recall │
├────────┼────────┼────────┼────────┼────────┼────────┼────────┤
│ [1;36m0.7489[0m │ [1;36m0.9827[0m │ [1;36m0.8735[0m │ [1;36m0.8123[0m │ [1;36m0.9814[0m │ [1;36m0.9871[0m │ [1;36m0.9758[0m │
└────────┴────────┴────────┴────────┴────────┴────────┴────────┘
[1;36m                   Val — Per-class Metrics                    [0m
┏━━━━━━━━━━┳━━━━━━━━━━┳━━━━━━━━┳━━━━━━━━┳━━━━━━━━━━━┳━━━━━━━━┓
┃[1;36m [0m[1;36mClass   [0m[1;36m [0m┃[1;36m [0m[1;36mAP 50:95[0m[1;36m [0m┃[1;36m [0m[1;36m    AR[0m[1;36m [0m┃[1;36m [0m[1;36m    F1[0m[1;36m [0m┃[1;36m [0m[1;36mPrecision[0m[1;36m [0m┃[1;36m [0m[1;36mRecall[0m[1;36m [0m┃
┡━━━━━━━━━━╇━━━━━━━━━━╇━━━━━━━━╇━━━━━━━━╇━━━━━━━━━━━╇━━━━━━━━┩
│[2m [0m[2mmosquito[0m[2m [0m│   0.7489 │ 0.8123 │ 0.9814 │    0.9871 │ 0.9758 │
└──────────┴──────────┴────────┴────────┴───────────┴────────┘
[2026-05-25 08:39:01] [INFO] rf-detr - Best regular mAP saved to /data/jjia496/Mosquitoes/output_det/checkpoint_best_regular.pth (epoch 18)
                     Val — Overall Metrics                      
┏━━━━━━━━━━━━━━━━━━━━━━━━━━┳━━━━━━━━┳━━━━━━━━━━━━━━━━━━━━━━━━━━┓
┃           mAP            ┃  mAR   ┃         F1 sweep         ┃
┡━━━━━━━━┯━━━━━━━━┯━━━━━━━━╇━━━━━━━━╇━━━━━━━━┯━━━━━━━━┯━━━━━━━━┩
│ [1;92m50:95[0m  │   [1;36m50[0m   │   [1;36m75[0m   │  @[1;36m500[0m  │   F1   │  Prec  │ Recall │
├────────┼────────┼────────┼────────┼────────┼────────┼────────┤
│ [1;36m0.7472[0m │ [1;36m0.9817[0m │ [1;36m0.8734[0m │ [1;36m0.8074[0m │ [1;36m0.9774[0m │ [1;36m0.9802[0m │ [1;36m0.9746[0m │
└────────┴────────┴────────┴────────┴────────┴────────┴────────┘
[1;36m                   Val — Per-class Metrics                    [0m
┏━━━━━━━━━━┳━━━━━━━━━━┳━━━━━━━━┳━━━━━━━━┳━━━━━━━━━━━┳━━━━━━━━┓
┃[1;36m [0m[1;36mClass   [0m[1;36m [0m┃[1;36m [0m[1;36mAP 50:95[0m[1;36m [0m┃[1;36m [0m[1;36m    AR[0m[1;36m [0m┃[1;36m [0m[1;36m    F1[0m[1;36m [0m┃[1;36m [0m[1;36mPrecision[0m[1;36m [0m┃[1;36m [0m[1;36mRecall[0m[1;36m [0m┃
┡━━━━━━━━━━╇━━━━━━━━━━╇━━━━━━━━╇━━━━━━━━╇━━━━━━━━━━━╇━━━━━━━━┩
│[2m [0m[2mmosquito[0m[2m [0m│   0.7472 │ 0.8074 │ 0.9774 │    0.9802 │ 0.9746 │
└──────────┴──────────┴────────┴────────┴───────────┴────────┘
                     Val — Overall Metrics                      
┏━━━━━━━━━━━━━━━━━━━━━━━━━━┳━━━━━━━━┳━━━━━━━━━━━━━━━━━━━━━━━━━━┓
┃           mAP            ┃  mAR   ┃         F1 sweep         ┃
┡━━━━━━━━┯━━━━━━━━┯━━━━━━━━╇━━━━━━━━╇━━━━━━━━┯━━━━━━━━┯━━━━━━━━┩
│ [1;92m50:95[0m  │   [1;36m50[0m   │   [1;36m75[0m   │  @[1;36m500[0m  │   F1   │  Prec  │ Recall │
├────────┼────────┼────────┼────────┼────────┼────────┼────────┤
│ [1;36m0.7374[0m │ [1;36m0.9802[0m │ [1;36m0.8649[0m │ [1;36m0.7975[0m │ [1;36m0.9769[0m │ [1;36m0.9851[0m │ [1;36m0.9688[0m │
└────────┴────────┴────────┴────────┴────────┴────────┴────────┘
[1;36m                   Val — Per-class Metrics                    [0m
┏━━━━━━━━━━┳━━━━━━━━━━┳━━━━━━━━┳━━━━━━━━┳━━━━━━━━━━━┳━━━━━━━━┓
┃[1;36m [0m[1;36mClass   [0m[1;36m [0m┃[1;36m [0m[1;36mAP 50:95[0m[1;36m [0m┃[1;36m [0m[1;36m    AR[0m[1;36m [0m┃[1;36m [0m[1;36m    F1[0m[1;36m [0m┃[1;36m [0m[1;36mPrecision[0m[1;36m [0m┃[1;36m [0m[1;36mRecall[0m[1;36m [0m┃
┡━━━━━━━━━━╇━━━━━━━━━━╇━━━━━━━━╇━━━━━━━━╇━━━━━━━━━━━╇━━━━━━━━┩
│[2m [0m[2mmosquito[0m[2m [0m│   0.7374 │ 0.7975 │ 0.9769 │    0.9851 │ 0.9688 │
└──────────┴──────────┴────────┴────────┴───────────┴────────┘
[2026-05-25 09:03:15] [INFO] rf-detr - Best total checkpoint saved from EMA (regular=0.7489, ema=0.7579)
Training finished (completed all epochs or stopped early).
Running inference test on an UNSEEN image from the Test Set...
Testing model on: /data/jjia496/Mosquitoes/rfdetr_dataset_det/test/train_00006.jpeg
Found 1 mosquitoes in the image!
Saved visualization to final_test_prediction_det.jpg.
