Using dataset root from MOSQUITOES_DATASET.
Dataset root: /data/jjia496/.cache/kagglehub/datasets/duongnguyenquy/mosquitoes-compsci760/versions/3
Reading labels from: /data/jjia496/Mosquitoes/manual_labels.csv
Normalizing annotation filenames against available images...
COCO categories (6): aegypti, albopictus, anopheles, culex, culiseta, japonicus-koreicus
Label rows: 10485 (10357 unique images; 55 images with multiple boxes; max 13 boxes/image)
Shuffling and splitting images (by image, not by box)...
Total Images: 10357
Generating COCO JSON files...
 -> Training: 7249 images, 7337 boxes
 -> Validation: 1554 images, 1572 boxes
 -> Testing: 1554 images, 1576 boxes
Done! train_coco.json, val_coco.json, and test_coco.json have been created.
Cleaning up old dataset directory...
Restructuring data with absolute symlinks...
 -> Organizing train split...
    Kept 7249 images and 7337 annotations.
 -> Organizing valid split...
    Kept 1554 images and 1572 annotations.
 -> Organizing test split...
    Kept 1554 images and 1576 annotations.
Training with num_classes=6 (from COCO categories).
Initializing RF-DETR model...
[2026-05-15 22:28:00] [INFO] rf-detr - File rf-detr-small.pth already exists with correct MD5 hash.
[2026-05-15 22:28:01] [INFO] rf-detr - File rf-detr-small.pth already exists with correct MD5 hash.
Starting training with validation...
Early stopping on validation mAP: patience=10 epochs, min_delta=0.001, use_ema=False.
[2026-05-15 22:28:04] [INFO] rf-detr - File rf-detr-small.pth already exists with correct MD5 hash.
[2026-05-15 22:28:05] [INFO] rf-detr - Building Roboflow train dataset with square resize at resolution 512
[2026-05-15 22:28:05] [INFO] rf-detr - Using multi-scale training with square resize and scales: [672]
[2026-05-15 22:28:05] [INFO] rf-detr - Built 1 Albumentations transforms from config
[2026-05-15 22:28:05] [INFO] rf-detr - Built 1 Albumentations transforms from config
loading annotations into memory...
Done (t=0.02s)
creating index...
index created!
[2026-05-15 22:28:05] [INFO] rf-detr - Building Roboflow val dataset with square resize at resolution 512
[2026-05-15 22:28:05] [INFO] rf-detr - Using multi-scale training with square resize and scales: [672]
[2026-05-15 22:28:05] [INFO] rf-detr - Built 1 Albumentations transforms from config
loading annotations into memory...
Done (t=0.01s)
creating index...
index created!
┏━━━┳━━━━━━━━━━━━━┳━━━━━━━━━━━━━━┳━━━━━━━━┳━━━━━━━┳━━━━━━━┓
┃   ┃ Name        ┃ Type         ┃ Params ┃ Mode  ┃ FLOPs ┃
┡━━━╇━━━━━━━━━━━━━╇━━━━━━━━━━━━━━╇━━━━━━━━╇━━━━━━━╇━━━━━━━┩
│ 0 │ model       │ LWDETR       │ 31.8 M │ train │     0 │
│ 1 │ criterion   │ SetCriterion │      0 │ train │     0 │
│ 2 │ postprocess │ PostProcess  │      0 │ train │     0 │
└───┴─────────────┴──────────────┴────────┴───────┴───────┘
Trainable params: 31.8 M                                                        
Non-trainable params: 0                                                         
Total params: 31.8 M                                                            
Total estimated model params size (MB): 127                                     
Modules in train mode: 466                                                      
Modules in eval mode: 0                                                         
Total FLOPs: 0                                                                  
                     Val — Overall Metrics                      
┏━━━━━━━━━━━━━━━━━━━━━━━━━━┳━━━━━━━━┳━━━━━━━━━━━━━━━━━━━━━━━━━━┓
┃           mAP            ┃  mAR   ┃         F1 sweep         ┃
┡━━━━━━━━┯━━━━━━━━┯━━━━━━━━╇━━━━━━━━╇━━━━━━━━┯━━━━━━━━┯━━━━━━━━┩
│ [1;92m50:95[0m  │   [1;36m50[0m   │   [1;36m75[0m   │  @[1;36m500[0m  │   F1   │  Prec  │ Recall │
├────────┼────────┼────────┼────────┼────────┼────────┼────────┤
│ [1;36m0.0445[0m │ [1;36m0.1100[0m │ [1;36m0.0411[0m │ [1;36m0.6750[0m │ [1;36m0.1000[0m │ [1;36m0.0625[0m │ [1;36m0.2500[0m │
└────────┴────────┴────────┴────────┴────────┴────────┴────────┘
[1;36m                    Val — Per-class Metrics                     [0m
┏━━━━━━━━━━━━┳━━━━━━━━━━┳━━━━━━━━┳━━━━━━━━┳━━━━━━━━━━━┳━━━━━━━━┓
┃[1;36m [0m[1;36mClass     [0m[1;36m [0m┃[1;36m [0m[1;36mAP 50:95[0m[1;36m [0m┃[1;36m [0m[1;36m    AR[0m[1;36m [0m┃[1;36m [0m[1;36m    F1[0m[1;36m [0m┃[1;36m [0m[1;36mPrecision[0m[1;36m [0m┃[1;36m [0m[1;36mRecall[0m[1;36m [0m┃
┡━━━━━━━━━━━━╇━━━━━━━━━━╇━━━━━━━━╇━━━━━━━━╇━━━━━━━━━━━╇━━━━━━━━┩
│[2m [0m[2malbopictus[0m[2m [0m│   0.0545 │ 0.7500 │ 0.2000 │    0.1250 │ 0.5000 │
│[2m [0m[2mculex     [0m[2m [0m│   0.0345 │ 0.6000 │ 0.0000 │    0.0000 │ 0.0000 │
└────────────┴──────────┴────────┴────────┴───────────┴────────┘
[2026-05-15 22:28:09] [INFO] rf-detr - Best EMA mAP improved to 0.0478 (epoch 0)
                     Val — Overall Metrics                      
┏━━━━━━━━━━━━━━━━━━━━━━━━━━┳━━━━━━━━┳━━━━━━━━━━━━━━━━━━━━━━━━━━┓
┃           mAP            ┃  mAR   ┃         F1 sweep         ┃
┡━━━━━━━━┯━━━━━━━━┯━━━━━━━━╇━━━━━━━━╇━━━━━━━━┯━━━━━━━━┯━━━━━━━━┩
│ [1;92m50:95[0m  │   [1;36m50[0m   │   [1;36m75[0m   │  @[1;36m500[0m  │   F1   │  Prec  │ Recall │
├────────┼────────┼────────┼────────┼────────┼────────┼────────┤
│ [1;36m0.3174[0m │ [1;36m0.4409[0m │ [1;36m0.3717[0m │ [1;36m0.7315[0m │ [1;36m0.4084[0m │ [1;36m0.3861[0m │ [1;36m0.5245[0m │
└────────┴────────┴────────┴────────┴────────┴────────┴────────┘
[1;36m                        Val — Per-class Metrics                         [0m
┏━━━━━━━━━━━━━━━━━━━━┳━━━━━━━━━━┳━━━━━━━━┳━━━━━━━━┳━━━━━━━━━━━┳━━━━━━━━┓
┃[1;36m [0m[1;36mClass             [0m[1;36m [0m┃[1;36m [0m[1;36mAP 50:95[0m[1;36m [0m┃[1;36m [0m[1;36m    AR[0m[1;36m [0m┃[1;36m [0m[1;36m    F1[0m[1;36m [0m┃[1;36m [0m[1;36mPrecision[0m[1;36m [0m┃[1;36m [0m[1;36mRecall[0m[1;36m [0m┃
┡━━━━━━━━━━━━━━━━━━━━╇━━━━━━━━━━╇━━━━━━━━╇━━━━━━━━╇━━━━━━━━━━━╇━━━━━━━━┩
│[2m [0m[2maegypti           [0m[2m [0m│   0.0036 │ 0.3000 │ 0.0000 │    0.0000 │ 0.0000 │
│[2m [0m[2malbopictus        [0m[2m [0m│   0.6392 │ 0.7830 │ 0.9013 │    0.8838 │ 0.9194 │
│[2m [0m[2manopheles         [0m[2m [0m│   0.0236 │ 0.8467 │ 0.0000 │    0.0000 │ 0.0000 │
│[2m [0m[2mculex             [0m[2m [0m│   0.6720 │ 0.8032 │ 0.8174 │    0.7056 │ 0.9713 │
│[2m [0m[2mculiseta          [0m[2m [0m│   0.4030 │ 0.8389 │ 0.5780 │    0.6410 │ 0.5263 │
│[2m [0m[2mjaponicus-koreicus[0m[2m [0m│   0.1627 │ 0.8175 │ 0.1536 │    0.0858 │ 0.7302 │
└────────────────────┴──────────┴────────┴────────┴───────────┴────────┘
[2026-05-15 22:39:30] [INFO] rf-detr - Best regular mAP saved to /data/jjia496/Mosquitoes/output/checkpoint_best_regular.pth (epoch 0)
[2026-05-15 22:39:30] [INFO] rf-detr - Best EMA mAP improved to 0.3451 (epoch 0)
                     Val — Overall Metrics                      
┏━━━━━━━━━━━━━━━━━━━━━━━━━━┳━━━━━━━━┳━━━━━━━━━━━━━━━━━━━━━━━━━━┓
┃           mAP            ┃  mAR   ┃         F1 sweep         ┃
┡━━━━━━━━┯━━━━━━━━┯━━━━━━━━╇━━━━━━━━╇━━━━━━━━┯━━━━━━━━┯━━━━━━━━┩
│ [1;92m50:95[0m  │   [1;36m50[0m   │   [1;36m75[0m   │  @[1;36m500[0m  │   F1   │  Prec  │ Recall │
├────────┼────────┼────────┼────────┼────────┼────────┼────────┤
│ [1;36m0.3424[0m │ [1;36m0.4696[0m │ [1;36m0.3990[0m │ [1;36m0.8030[0m │ [1;36m0.4513[0m │ [1;36m0.4226[0m │ [1;36m0.5183[0m │
└────────┴────────┴────────┴────────┴────────┴────────┴────────┘
[1;36m                        Val — Per-class Metrics                         [0m
┏━━━━━━━━━━━━━━━━━━━━┳━━━━━━━━━━┳━━━━━━━━┳━━━━━━━━┳━━━━━━━━━━━┳━━━━━━━━┓
┃[1;36m [0m[1;36mClass             [0m[1;36m [0m┃[1;36m [0m[1;36mAP 50:95[0m[1;36m [0m┃[1;36m [0m[1;36m    AR[0m[1;36m [0m┃[1;36m [0m[1;36m    F1[0m[1;36m [0m┃[1;36m [0m[1;36mPrecision[0m[1;36m [0m┃[1;36m [0m[1;36mRecall[0m[1;36m [0m┃
┡━━━━━━━━━━━━━━━━━━━━╇━━━━━━━━━━╇━━━━━━━━╇━━━━━━━━╇━━━━━━━━━━━╇━━━━━━━━┩
│[2m [0m[2maegypti           [0m[2m [0m│   0.0174 │ 0.6750 │ 0.0000 │    0.0000 │ 0.0000 │
│[2m [0m[2malbopictus        [0m[2m [0m│   0.6875 │ 0.8017 │ 0.8812 │    0.8177 │ 0.9554 │
│[2m [0m[2manopheles         [0m[2m [0m│   0.0184 │ 0.8533 │ 0.0000 │    0.0000 │ 0.0000 │
│[2m [0m[2mculex             [0m[2m [0m│   0.6791 │ 0.8116 │ 0.8940 │    0.8433 │ 0.9511 │
│[2m [0m[2mculiseta          [0m[2m [0m│   0.4596 │ 0.8463 │ 0.6102 │    0.6585 │ 0.5684 │
│[2m [0m[2mjaponicus-koreicus[0m[2m [0m│   0.1922 │ 0.8302 │ 0.3226 │    0.2162 │ 0.6349 │
└────────────────────┴──────────┴────────┴────────┴───────────┴────────┘
[2026-05-15 22:50:49] [INFO] rf-detr - Best regular mAP saved to /data/jjia496/Mosquitoes/output/checkpoint_best_regular.pth (epoch 1)
[2026-05-15 22:50:49] [INFO] rf-detr - Best EMA mAP improved to 0.3567 (epoch 1)
                     Val — Overall Metrics                      
┏━━━━━━━━━━━━━━━━━━━━━━━━━━┳━━━━━━━━┳━━━━━━━━━━━━━━━━━━━━━━━━━━┓
┃           mAP            ┃  mAR   ┃         F1 sweep         ┃
┡━━━━━━━━┯━━━━━━━━┯━━━━━━━━╇━━━━━━━━╇━━━━━━━━┯━━━━━━━━┯━━━━━━━━┩
│ [1;92m50:95[0m  │   [1;36m50[0m   │   [1;36m75[0m   │  @[1;36m500[0m  │   F1   │  Prec  │ Recall │
├────────┼────────┼────────┼────────┼────────┼────────┼────────┤
│ [1;36m0.3585[0m │ [1;36m0.4818[0m │ [1;36m0.4242[0m │ [1;36m0.8345[0m │ [1;36m0.4131[0m │ [1;36m0.3398[0m │ [1;36m0.5537[0m │
└────────┴────────┴────────┴────────┴────────┴────────┴────────┘
[1;36m                        Val — Per-class Metrics                         [0m
┏━━━━━━━━━━━━━━━━━━━━┳━━━━━━━━━━┳━━━━━━━━┳━━━━━━━━┳━━━━━━━━━━━┳━━━━━━━━┓
┃[1;36m [0m[1;36mClass             [0m[1;36m [0m┃[1;36m [0m[1;36mAP 50:95[0m[1;36m [0m┃[1;36m [0m[1;36m    AR[0m[1;36m [0m┃[1;36m [0m[1;36m    F1[0m[1;36m [0m┃[1;36m [0m[1;36mPrecision[0m[1;36m [0m┃[1;36m [0m[1;36mRecall[0m[1;36m [0m┃
┡━━━━━━━━━━━━━━━━━━━━╇━━━━━━━━━━╇━━━━━━━━╇━━━━━━━━╇━━━━━━━━━━━╇━━━━━━━━┩
│[2m [0m[2maegypti           [0m[2m [0m│   0.1447 │ 0.8250 │ 0.0000 │    0.0000 │ 0.0000 │
│[2m [0m[2malbopictus        [0m[2m [0m│   0.6829 │ 0.8109 │ 0.8613 │    0.7747 │ 0.9698 │
│[2m [0m[2manopheles         [0m[2m [0m│   0.0307 │ 0.8600 │ 0.0444 │    0.0267 │ 0.1333 │
│[2m [0m[2mculex             [0m[2m [0m│   0.6988 │ 0.8256 │ 0.8040 │    0.6768 │ 0.9899 │
│[2m [0m[2mculiseta          [0m[2m [0m│   0.3977 │ 0.8600 │ 0.4444 │    0.3182 │ 0.7368 │
│[2m [0m[2mjaponicus-koreicus[0m[2m [0m│   0.1962 │ 0.8254 │ 0.3246 │    0.2422 │ 0.4921 │
└────────────────────┴──────────┴────────┴────────┴───────────┴────────┘
[2026-05-15 23:02:14] [INFO] rf-detr - Best regular mAP saved to /data/jjia496/Mosquitoes/output/checkpoint_best_regular.pth (epoch 2)
[2026-05-15 23:02:14] [INFO] rf-detr - Best EMA mAP improved to 0.3724 (epoch 2)
                     Val — Overall Metrics                      
┏━━━━━━━━━━━━━━━━━━━━━━━━━━┳━━━━━━━━┳━━━━━━━━━━━━━━━━━━━━━━━━━━┓
┃           mAP            ┃  mAR   ┃         F1 sweep         ┃
┡━━━━━━━━┯━━━━━━━━┯━━━━━━━━╇━━━━━━━━╇━━━━━━━━┯━━━━━━━━┯━━━━━━━━┩
│ [1;92m50:95[0m  │   [1;36m50[0m   │   [1;36m75[0m   │  @[1;36m500[0m  │   F1   │  Prec  │ Recall │
├────────┼────────┼────────┼────────┼────────┼────────┼────────┤
│ [1;36m0.3417[0m │ [1;36m0.4621[0m │ [1;36m0.3986[0m │ [1;36m0.8133[0m │ [1;36m0.4314[0m │ [1;36m0.4213[0m │ [1;36m0.4444[0m │
└────────┴────────┴────────┴────────┴────────┴────────┴────────┘
[1;36m                        Val — Per-class Metrics                         [0m
┏━━━━━━━━━━━━━━━━━━━━┳━━━━━━━━━━┳━━━━━━━━┳━━━━━━━━┳━━━━━━━━━━━┳━━━━━━━━┓
┃[1;36m [0m[1;36mClass             [0m[1;36m [0m┃[1;36m [0m[1;36mAP 50:95[0m[1;36m [0m┃[1;36m [0m[1;36m    AR[0m[1;36m [0m┃[1;36m [0m[1;36m    F1[0m[1;36m [0m┃[1;36m [0m[1;36mPrecision[0m[1;36m [0m┃[1;36m [0m[1;36mRecall[0m[1;36m [0m┃
┡━━━━━━━━━━━━━━━━━━━━╇━━━━━━━━━━╇━━━━━━━━╇━━━━━━━━╇━━━━━━━━━━━╇━━━━━━━━┩
│[2m [0m[2maegypti           [0m[2m [0m│   0.0393 │ 0.7625 │ 0.0000 │    0.0000 │ 0.0000 │
│[2m [0m[2malbopictus        [0m[2m [0m│   0.6682 │ 0.7781 │ 0.8745 │    0.8012 │ 0.9626 │
│[2m [0m[2manopheles         [0m[2m [0m│   0.0438 │ 0.8800 │ 0.0000 │    0.0000 │ 0.0000 │
│[2m [0m[2mculex             [0m[2m [0m│   0.6940 │ 0.8108 │ 0.9062 │    0.9101 │ 0.9023 │
│[2m [0m[2mculiseta          [0m[2m [0m│   0.4612 │ 0.8326 │ 0.5389 │    0.5306 │ 0.5474 │
│[2m [0m[2mjaponicus-koreicus[0m[2m [0m│   0.1438 │ 0.8159 │ 0.2689 │    0.2857 │ 0.2540 │
└────────────────────┴──────────┴────────┴────────┴───────────┴────────┘
[2026-05-15 23:13:39] [INFO] rf-detr - Best EMA mAP improved to 0.4029 (epoch 3)
                     Val — Overall Metrics                      
┏━━━━━━━━━━━━━━━━━━━━━━━━━━┳━━━━━━━━┳━━━━━━━━━━━━━━━━━━━━━━━━━━┓
┃           mAP            ┃  mAR   ┃         F1 sweep         ┃
┡━━━━━━━━┯━━━━━━━━┯━━━━━━━━╇━━━━━━━━╇━━━━━━━━┯━━━━━━━━┯━━━━━━━━┩
│ [1;92m50:95[0m  │   [1;36m50[0m   │   [1;36m75[0m   │  @[1;36m500[0m  │   F1   │  Prec  │ Recall │
├────────┼────────┼────────┼────────┼────────┼────────┼────────┤
│ [1;36m0.3749[0m │ [1;36m0.4987[0m │ [1;36m0.4425[0m │ [1;36m0.8513[0m │ [1;36m0.4660[0m │ [1;36m0.4436[0m │ [1;36m0.5234[0m │
└────────┴────────┴────────┴────────┴────────┴────────┴────────┘
[1;36m                        Val — Per-class Metrics                         [0m
┏━━━━━━━━━━━━━━━━━━━━┳━━━━━━━━━━┳━━━━━━━━┳━━━━━━━━┳━━━━━━━━━━━┳━━━━━━━━┓
┃[1;36m [0m[1;36mClass             [0m[1;36m [0m┃[1;36m [0m[1;36mAP 50:95[0m[1;36m [0m┃[1;36m [0m[1;36m    AR[0m[1;36m [0m┃[1;36m [0m[1;36m    F1[0m[1;36m [0m┃[1;36m [0m[1;36mPrecision[0m[1;36m [0m┃[1;36m [0m[1;36mRecall[0m[1;36m [0m┃
┡━━━━━━━━━━━━━━━━━━━━╇━━━━━━━━━━╇━━━━━━━━╇━━━━━━━━╇━━━━━━━━━━━╇━━━━━━━━┩
│[2m [0m[2maegypti           [0m[2m [0m│   0.0345 │ 0.8125 │ 0.0000 │    0.0000 │ 0.0000 │
│[2m [0m[2malbopictus        [0m[2m [0m│   0.6881 │ 0.8207 │ 0.9071 │    0.9304 │ 0.8849 │
│[2m [0m[2manopheles         [0m[2m [0m│   0.0730 │ 0.9067 │ 0.0000 │    0.0000 │ 0.0000 │
│[2m [0m[2mculex             [0m[2m [0m│   0.7062 │ 0.8333 │ 0.8911 │    0.8416 │ 0.9468 │
│[2m [0m[2mculiseta          [0m[2m [0m│   0.5152 │ 0.8789 │ 0.6203 │    0.6304 │ 0.6105 │
│[2m [0m[2mjaponicus-koreicus[0m[2m [0m│   0.2326 │ 0.8556 │ 0.3777 │    0.2588 │ 0.6984 │
└────────────────────┴──────────┴────────┴────────┴───────────┴────────┘
[2026-05-15 23:24:59] [INFO] rf-detr - Best regular mAP saved to /data/jjia496/Mosquitoes/output/checkpoint_best_regular.pth (epoch 4)
[2026-05-15 23:24:59] [INFO] rf-detr - Best EMA mAP improved to 0.4122 (epoch 4)
                     Val — Overall Metrics                      
┏━━━━━━━━━━━━━━━━━━━━━━━━━━┳━━━━━━━━┳━━━━━━━━━━━━━━━━━━━━━━━━━━┓
┃           mAP            ┃  mAR   ┃         F1 sweep         ┃
┡━━━━━━━━┯━━━━━━━━┯━━━━━━━━╇━━━━━━━━╇━━━━━━━━┯━━━━━━━━┯━━━━━━━━┩
│ [1;92m50:95[0m  │   [1;36m50[0m   │   [1;36m75[0m   │  @[1;36m500[0m  │   F1   │  Prec  │ Recall │
├────────┼────────┼────────┼────────┼────────┼────────┼────────┤
│ [1;36m0.3882[0m │ [1;36m0.5164[0m │ [1;36m0.4541[0m │ [1;36m0.8316[0m │ [1;36m0.4722[0m │ [1;36m0.5057[0m │ [1;36m0.4621[0m │
└────────┴────────┴────────┴────────┴────────┴────────┴────────┘
[1;36m                        Val — Per-class Metrics                         [0m
┏━━━━━━━━━━━━━━━━━━━━┳━━━━━━━━━━┳━━━━━━━━┳━━━━━━━━┳━━━━━━━━━━━┳━━━━━━━━┓
┃[1;36m [0m[1;36mClass             [0m[1;36m [0m┃[1;36m [0m[1;36mAP 50:95[0m[1;36m [0m┃[1;36m [0m[1;36m    AR[0m[1;36m [0m┃[1;36m [0m[1;36m    F1[0m[1;36m [0m┃[1;36m [0m[1;36mPrecision[0m[1;36m [0m┃[1;36m [0m[1;36mRecall[0m[1;36m [0m┃
┡━━━━━━━━━━━━━━━━━━━━╇━━━━━━━━━━╇━━━━━━━━╇━━━━━━━━╇━━━━━━━━━━━╇━━━━━━━━┩
│[2m [0m[2maegypti           [0m[2m [0m│   0.0356 │ 0.8125 │ 0.0000 │    0.0000 │ 0.0000 │
│[2m [0m[2malbopictus        [0m[2m [0m│   0.6995 │ 0.7957 │ 0.9206 │    0.8997 │ 0.9424 │
│[2m [0m[2manopheles         [0m[2m [0m│   0.0504 │ 0.9000 │ 0.0000 │    0.0000 │ 0.0000 │
│[2m [0m[2mculex             [0m[2m [0m│   0.6983 │ 0.8105 │ 0.9009 │    0.8488 │ 0.9598 │
│[2m [0m[2mculiseta          [0m[2m [0m│   0.5522 │ 0.8421 │ 0.5833 │    0.8571 │ 0.4421 │
│[2m [0m[2mjaponicus-koreicus[0m[2m [0m│   0.2929 │ 0.8286 │ 0.4286 │    0.4286 │ 0.4286 │
└────────────────────┴──────────┴────────┴────────┴───────────┴────────┘
[2026-05-15 23:36:19] [INFO] rf-detr - Best regular mAP saved to /data/jjia496/Mosquitoes/output/checkpoint_best_regular.pth (epoch 5)
                     Val — Overall Metrics                      
┏━━━━━━━━━━━━━━━━━━━━━━━━━━┳━━━━━━━━┳━━━━━━━━━━━━━━━━━━━━━━━━━━┓
┃           mAP            ┃  mAR   ┃         F1 sweep         ┃
┡━━━━━━━━┯━━━━━━━━┯━━━━━━━━╇━━━━━━━━╇━━━━━━━━┯━━━━━━━━┯━━━━━━━━┩
│ [1;92m50:95[0m  │   [1;36m50[0m   │   [1;36m75[0m   │  @[1;36m500[0m  │   F1   │  Prec  │ Recall │
├────────┼────────┼────────┼────────┼────────┼────────┼────────┤
│ [1;36m0.3975[0m │ [1;36m0.5251[0m │ [1;36m0.4665[0m │ [1;36m0.8394[0m │ [1;36m0.4905[0m │ [1;36m0.4455[0m │ [1;36m0.5581[0m │
└────────┴────────┴────────┴────────┴────────┴────────┴────────┘
[1;36m                        Val — Per-class Metrics                         [0m
┏━━━━━━━━━━━━━━━━━━━━┳━━━━━━━━━━┳━━━━━━━━┳━━━━━━━━┳━━━━━━━━━━━┳━━━━━━━━┓
┃[1;36m [0m[1;36mClass             [0m[1;36m [0m┃[1;36m [0m[1;36mAP 50:95[0m[1;36m [0m┃[1;36m [0m[1;36m    AR[0m[1;36m [0m┃[1;36m [0m[1;36m    F1[0m[1;36m [0m┃[1;36m [0m[1;36mPrecision[0m[1;36m [0m┃[1;36m [0m[1;36mRecall[0m[1;36m [0m┃
┡━━━━━━━━━━━━━━━━━━━━╇━━━━━━━━━━╇━━━━━━━━╇━━━━━━━━╇━━━━━━━━━━━╇━━━━━━━━┩
│[2m [0m[2maegypti           [0m[2m [0m│   0.0439 │ 0.8500 │ 0.0000 │    0.0000 │ 0.0000 │
│[2m [0m[2malbopictus        [0m[2m [0m│   0.6988 │ 0.8009 │ 0.9050 │    0.8562 │ 0.9597 │
│[2m [0m[2manopheles         [0m[2m [0m│   0.0675 │ 0.8800 │ 0.1481 │    0.1667 │ 0.1333 │
│[2m [0m[2mculex             [0m[2m [0m│   0.7195 │ 0.8216 │ 0.8978 │    0.8489 │ 0.9526 │
│[2m [0m[2mculiseta          [0m[2m [0m│   0.5482 │ 0.8505 │ 0.5992 │    0.4868 │ 0.7789 │
│[2m [0m[2mjaponicus-koreicus[0m[2m [0m│   0.3073 │ 0.8333 │ 0.3929 │    0.3143 │ 0.5238 │
└────────────────────┴──────────┴────────┴────────┴───────────┴────────┘
[2026-05-15 23:47:37] [INFO] rf-detr - Best regular mAP saved to /data/jjia496/Mosquitoes/output/checkpoint_best_regular.pth (epoch 6)
[2026-05-15 23:47:38] [INFO] rf-detr - Best EMA mAP improved to 0.4203 (epoch 6)
                     Val — Overall Metrics                      
┏━━━━━━━━━━━━━━━━━━━━━━━━━━┳━━━━━━━━┳━━━━━━━━━━━━━━━━━━━━━━━━━━┓
┃           mAP            ┃  mAR   ┃         F1 sweep         ┃
┡━━━━━━━━┯━━━━━━━━┯━━━━━━━━╇━━━━━━━━╇━━━━━━━━┯━━━━━━━━┯━━━━━━━━┩
│ [1;92m50:95[0m  │   [1;36m50[0m   │   [1;36m75[0m   │  @[1;36m500[0m  │   F1   │  Prec  │ Recall │
├────────┼────────┼────────┼────────┼────────┼────────┼────────┤
│ [1;36m0.4130[0m │ [1;36m0.5479[0m │ [1;36m0.4914[0m │ [1;36m0.8231[0m │ [1;36m0.5126[0m │ [1;36m0.5046[0m │ [1;36m0.5358[0m │
└────────┴────────┴────────┴────────┴────────┴────────┴────────┘
[1;36m                        Val — Per-class Metrics                         [0m
┏━━━━━━━━━━━━━━━━━━━━┳━━━━━━━━━━┳━━━━━━━━┳━━━━━━━━┳━━━━━━━━━━━┳━━━━━━━━┓
┃[1;36m [0m[1;36mClass             [0m[1;36m [0m┃[1;36m [0m[1;36mAP 50:95[0m[1;36m [0m┃[1;36m [0m[1;36m    AR[0m[1;36m [0m┃[1;36m [0m[1;36m    F1[0m[1;36m [0m┃[1;36m [0m[1;36mPrecision[0m[1;36m [0m┃[1;36m [0m[1;36mRecall[0m[1;36m [0m┃
┡━━━━━━━━━━━━━━━━━━━━╇━━━━━━━━━━╇━━━━━━━━╇━━━━━━━━╇━━━━━━━━━━━╇━━━━━━━━┩
│[2m [0m[2maegypti           [0m[2m [0m│   0.0334 │ 0.7625 │ 0.0000 │    0.0000 │ 0.0000 │
│[2m [0m[2malbopictus        [0m[2m [0m│   0.7063 │ 0.8066 │ 0.9034 │    0.8568 │ 0.9554 │
│[2m [0m[2manopheles         [0m[2m [0m│   0.1561 │ 0.8667 │ 0.1667 │    0.2222 │ 0.1333 │
│[2m [0m[2mculex             [0m[2m [0m│   0.7043 │ 0.8224 │ 0.9060 │    0.8614 │ 0.9555 │
│[2m [0m[2mculiseta          [0m[2m [0m│   0.5180 │ 0.8421 │ 0.5948 │    0.5036 │ 0.7263 │
│[2m [0m[2mjaponicus-koreicus[0m[2m [0m│   0.3599 │ 0.8381 │ 0.5045 │    0.5833 │ 0.4444 │
└────────────────────┴──────────┴────────┴────────┴───────────┴────────┘
[2026-05-15 23:58:55] [INFO] rf-detr - Best regular mAP saved to /data/jjia496/Mosquitoes/output/checkpoint_best_regular.pth (epoch 7)
[2026-05-15 23:58:56] [INFO] rf-detr - Best EMA mAP improved to 0.4360 (epoch 7)
                     Val — Overall Metrics                      
┏━━━━━━━━━━━━━━━━━━━━━━━━━━┳━━━━━━━━┳━━━━━━━━━━━━━━━━━━━━━━━━━━┓
┃           mAP            ┃  mAR   ┃         F1 sweep         ┃
┡━━━━━━━━┯━━━━━━━━┯━━━━━━━━╇━━━━━━━━╇━━━━━━━━┯━━━━━━━━┯━━━━━━━━┩
│ [1;92m50:95[0m  │   [1;36m50[0m   │   [1;36m75[0m   │  @[1;36m500[0m  │   F1   │  Prec  │ Recall │
├────────┼────────┼────────┼────────┼────────┼────────┼────────┤
│ [1;36m0.4362[0m │ [1;36m0.5826[0m │ [1;36m0.5061[0m │ [1;36m0.8180[0m │ [1;36m0.5360[0m │ [1;36m0.7009[0m │ [1;36m0.5024[0m │
└────────┴────────┴────────┴────────┴────────┴────────┴────────┘
[1;36m                        Val — Per-class Metrics                         [0m
┏━━━━━━━━━━━━━━━━━━━━┳━━━━━━━━━━┳━━━━━━━━┳━━━━━━━━┳━━━━━━━━━━━┳━━━━━━━━┓
┃[1;36m [0m[1;36mClass             [0m[1;36m [0m┃[1;36m [0m[1;36mAP 50:95[0m[1;36m [0m┃[1;36m [0m[1;36m    AR[0m[1;36m [0m┃[1;36m [0m[1;36m    F1[0m[1;36m [0m┃[1;36m [0m[1;36mPrecision[0m[1;36m [0m┃[1;36m [0m[1;36mRecall[0m[1;36m [0m┃
┡━━━━━━━━━━━━━━━━━━━━╇━━━━━━━━━━╇━━━━━━━━╇━━━━━━━━╇━━━━━━━━━━━╇━━━━━━━━┩
│[2m [0m[2maegypti           [0m[2m [0m│   0.0521 │ 0.8250 │ 0.0000 │    0.0000 │ 0.0000 │
│[2m [0m[2malbopictus        [0m[2m [0m│   0.7016 │ 0.7927 │ 0.9088 │    0.9141 │ 0.9036 │
│[2m [0m[2manopheles         [0m[2m [0m│   0.2210 │ 0.8533 │ 0.2353 │    1.0000 │ 0.1333 │
│[2m [0m[2mculex             [0m[2m [0m│   0.7002 │ 0.8009 │ 0.9077 │    0.8842 │ 0.9325 │
│[2m [0m[2mculiseta          [0m[2m [0m│   0.5096 │ 0.8200 │ 0.5793 │    0.8400 │ 0.4421 │
│[2m [0m[2mjaponicus-koreicus[0m[2m [0m│   0.4323 │ 0.8159 │ 0.5846 │    0.5672 │ 0.6032 │
└────────────────────┴──────────┴────────┴────────┴───────────┴────────┘
[2026-05-16 00:10:14] [INFO] rf-detr - Best regular mAP saved to /data/jjia496/Mosquitoes/output/checkpoint_best_regular.pth (epoch 8)
[2026-05-16 00:10:14] [INFO] rf-detr - Best EMA mAP improved to 0.4549 (epoch 8)
                     Val — Overall Metrics                      
┏━━━━━━━━━━━━━━━━━━━━━━━━━━┳━━━━━━━━┳━━━━━━━━━━━━━━━━━━━━━━━━━━┓
┃           mAP            ┃  mAR   ┃         F1 sweep         ┃
┡━━━━━━━━┯━━━━━━━━┯━━━━━━━━╇━━━━━━━━╇━━━━━━━━┯━━━━━━━━┯━━━━━━━━┩
│ [1;92m50:95[0m  │   [1;36m50[0m   │   [1;36m75[0m   │  @[1;36m500[0m  │   F1   │  Prec  │ Recall │
├────────┼────────┼────────┼────────┼────────┼────────┼────────┤
│ [1;36m0.4260[0m │ [1;36m0.5637[0m │ [1;36m0.4970[0m │ [1;36m0.8338[0m │ [1;36m0.5387[0m │ [1;36m0.5669[0m │ [1;36m0.5333[0m │
└────────┴────────┴────────┴────────┴────────┴────────┴────────┘
[1;36m                        Val — Per-class Metrics                         [0m
┏━━━━━━━━━━━━━━━━━━━━┳━━━━━━━━━━┳━━━━━━━━┳━━━━━━━━┳━━━━━━━━━━━┳━━━━━━━━┓
┃[1;36m [0m[1;36mClass             [0m[1;36m [0m┃[1;36m [0m[1;36mAP 50:95[0m[1;36m [0m┃[1;36m [0m[1;36m    AR[0m[1;36m [0m┃[1;36m [0m[1;36m    F1[0m[1;36m [0m┃[1;36m [0m[1;36mPrecision[0m[1;36m [0m┃[1;36m [0m[1;36mRecall[0m[1;36m [0m┃
┡━━━━━━━━━━━━━━━━━━━━╇━━━━━━━━━━╇━━━━━━━━╇━━━━━━━━╇━━━━━━━━━━━╇━━━━━━━━┩
│[2m [0m[2maegypti           [0m[2m [0m│   0.0396 │ 0.8125 │ 0.0000 │    0.0000 │ 0.0000 │
│[2m [0m[2malbopictus        [0m[2m [0m│   0.7019 │ 0.7945 │ 0.9102 │    0.8814 │ 0.9410 │
│[2m [0m[2manopheles         [0m[2m [0m│   0.1510 │ 0.9067 │ 0.2000 │    0.4000 │ 0.1333 │
│[2m [0m[2mculex             [0m[2m [0m│   0.7169 │ 0.8168 │ 0.9202 │    0.8975 │ 0.9440 │
│[2m [0m[2mculiseta          [0m[2m [0m│   0.5359 │ 0.8421 │ 0.6489 │    0.6559 │ 0.6421 │
│[2m [0m[2mjaponicus-koreicus[0m[2m [0m│   0.4104 │ 0.8302 │ 0.5528 │    0.5667 │ 0.5397 │
└────────────────────┴──────────┴────────┴────────┴───────────┴────────┘
                     Val — Overall Metrics                      
┏━━━━━━━━━━━━━━━━━━━━━━━━━━┳━━━━━━━━┳━━━━━━━━━━━━━━━━━━━━━━━━━━┓
┃           mAP            ┃  mAR   ┃         F1 sweep         ┃
┡━━━━━━━━┯━━━━━━━━┯━━━━━━━━╇━━━━━━━━╇━━━━━━━━┯━━━━━━━━┯━━━━━━━━┩
│ [1;92m50:95[0m  │   [1;36m50[0m   │   [1;36m75[0m   │  @[1;36m500[0m  │   F1   │  Prec  │ Recall │
├────────┼────────┼────────┼────────┼────────┼────────┼────────┤
│ [1;36m0.4317[0m │ [1;36m0.5711[0m │ [1;36m0.5014[0m │ [1;36m0.8089[0m │ [1;36m0.5651[0m │ [1;36m0.5777[0m │ [1;36m0.5654[0m │
└────────┴────────┴────────┴────────┴────────┴────────┴────────┘
[1;36m                        Val — Per-class Metrics                         [0m
┏━━━━━━━━━━━━━━━━━━━━┳━━━━━━━━━━┳━━━━━━━━┳━━━━━━━━┳━━━━━━━━━━━┳━━━━━━━━┓
┃[1;36m [0m[1;36mClass             [0m[1;36m [0m┃[1;36m [0m[1;36mAP 50:95[0m[1;36m [0m┃[1;36m [0m[1;36m    AR[0m[1;36m [0m┃[1;36m [0m[1;36m    F1[0m[1;36m [0m┃[1;36m [0m[1;36mPrecision[0m[1;36m [0m┃[1;36m [0m[1;36mRecall[0m[1;36m [0m┃
┡━━━━━━━━━━━━━━━━━━━━╇━━━━━━━━━━╇━━━━━━━━╇━━━━━━━━╇━━━━━━━━━━━╇━━━━━━━━┩
│[2m [0m[2maegypti           [0m[2m [0m│   0.0221 │ 0.8000 │ 0.0000 │    0.0000 │ 0.0000 │
│[2m [0m[2malbopictus        [0m[2m [0m│   0.6853 │ 0.7758 │ 0.9103 │    0.8623 │ 0.9640 │
│[2m [0m[2manopheles         [0m[2m [0m│   0.2737 │ 0.8600 │ 0.4138 │    0.4286 │ 0.4000 │
│[2m [0m[2mculex             [0m[2m [0m│   0.6971 │ 0.7983 │ 0.9164 │    0.8968 │ 0.9368 │
│[2m [0m[2mculiseta          [0m[2m [0m│   0.5591 │ 0.8147 │ 0.6900 │    0.6571 │ 0.7263 │
│[2m [0m[2mjaponicus-koreicus[0m[2m [0m│   0.3529 │ 0.8048 │ 0.4600 │    0.6216 │ 0.3651 │
└────────────────────┴──────────┴────────┴────────┴───────────┴────────┘
                     Val — Overall Metrics                      
┏━━━━━━━━━━━━━━━━━━━━━━━━━━┳━━━━━━━━┳━━━━━━━━━━━━━━━━━━━━━━━━━━┓
┃           mAP            ┃  mAR   ┃         F1 sweep         ┃
┡━━━━━━━━┯━━━━━━━━┯━━━━━━━━╇━━━━━━━━╇━━━━━━━━┯━━━━━━━━┯━━━━━━━━┩
│ [1;92m50:95[0m  │   [1;36m50[0m   │   [1;36m75[0m   │  @[1;36m500[0m  │   F1   │  Prec  │ Recall │
├────────┼────────┼────────┼────────┼────────┼────────┼────────┤
│ [1;36m0.4358[0m │ [1;36m0.5736[0m │ [1;36m0.5051[0m │ [1;36m0.8307[0m │ [1;36m0.5515[0m │ [1;36m0.5005[0m │ [1;36m0.6403[0m │
└────────┴────────┴────────┴────────┴────────┴────────┴────────┘
[1;36m                        Val — Per-class Metrics                         [0m
┏━━━━━━━━━━━━━━━━━━━━┳━━━━━━━━━━┳━━━━━━━━┳━━━━━━━━┳━━━━━━━━━━━┳━━━━━━━━┓
┃[1;36m [0m[1;36mClass             [0m[1;36m [0m┃[1;36m [0m[1;36mAP 50:95[0m[1;36m [0m┃[1;36m [0m[1;36m    AR[0m[1;36m [0m┃[1;36m [0m[1;36m    F1[0m[1;36m [0m┃[1;36m [0m[1;36mPrecision[0m[1;36m [0m┃[1;36m [0m[1;36mRecall[0m[1;36m [0m┃
┡━━━━━━━━━━━━━━━━━━━━╇━━━━━━━━━━╇━━━━━━━━╇━━━━━━━━╇━━━━━━━━━━━╇━━━━━━━━┩
│[2m [0m[2maegypti           [0m[2m [0m│   0.0412 │ 0.8250 │ 0.0000 │    0.0000 │ 0.0000 │
│[2m [0m[2malbopictus        [0m[2m [0m│   0.7024 │ 0.8000 │ 0.8871 │    0.8154 │ 0.9727 │
│[2m [0m[2manopheles         [0m[2m [0m│   0.2411 │ 0.8867 │ 0.4516 │    0.4375 │ 0.4667 │
│[2m [0m[2mculex             [0m[2m [0m│   0.7133 │ 0.8152 │ 0.9163 │    0.8838 │ 0.9511 │
│[2m [0m[2mculiseta          [0m[2m [0m│   0.5721 │ 0.8368 │ 0.6542 │    0.5882 │ 0.7368 │
│[2m [0m[2mjaponicus-koreicus[0m[2m [0m│   0.3446 │ 0.8206 │ 0.4000 │    0.2778 │ 0.7143 │
└────────────────────┴──────────┴────────┴────────┴───────────┴────────┘
[2026-05-16 00:44:16] [INFO] rf-detr - Best EMA mAP improved to 0.4743 (epoch 11)
                     Val — Overall Metrics                      
┏━━━━━━━━━━━━━━━━━━━━━━━━━━┳━━━━━━━━┳━━━━━━━━━━━━━━━━━━━━━━━━━━┓
┃           mAP            ┃  mAR   ┃         F1 sweep         ┃
┡━━━━━━━━┯━━━━━━━━┯━━━━━━━━╇━━━━━━━━╇━━━━━━━━┯━━━━━━━━┯━━━━━━━━┩
│ [1;92m50:95[0m  │   [1;36m50[0m   │   [1;36m75[0m   │  @[1;36m500[0m  │   F1   │  Prec  │ Recall │
├────────┼────────┼────────┼────────┼────────┼────────┼────────┤
│ [1;36m0.4478[0m │ [1;36m0.5887[0m │ [1;36m0.5107[0m │ [1;36m0.8239[0m │ [1;36m0.5668[0m │ [1;36m0.5503[0m │ [1;36m0.5919[0m │
└────────┴────────┴────────┴────────┴────────┴────────┴────────┘
[1;36m                        Val — Per-class Metrics                         [0m
┏━━━━━━━━━━━━━━━━━━━━┳━━━━━━━━━━┳━━━━━━━━┳━━━━━━━━┳━━━━━━━━━━━┳━━━━━━━━┓
┃[1;36m [0m[1;36mClass             [0m[1;36m [0m┃[1;36m [0m[1;36mAP 50:95[0m[1;36m [0m┃[1;36m [0m[1;36m    AR[0m[1;36m [0m┃[1;36m [0m[1;36m    F1[0m[1;36m [0m┃[1;36m [0m[1;36mPrecision[0m[1;36m [0m┃[1;36m [0m[1;36mRecall[0m[1;36m [0m┃
┡━━━━━━━━━━━━━━━━━━━━╇━━━━━━━━━━╇━━━━━━━━╇━━━━━━━━╇━━━━━━━━━━━╇━━━━━━━━┩
│[2m [0m[2maegypti           [0m[2m [0m│   0.0326 │ 0.8000 │ 0.0000 │    0.0000 │ 0.0000 │
│[2m [0m[2malbopictus        [0m[2m [0m│   0.7037 │ 0.7886 │ 0.9203 │    0.8952 │ 0.9468 │
│[2m [0m[2manopheles         [0m[2m [0m│   0.2991 │ 0.9000 │ 0.3846 │    0.4545 │ 0.3333 │
│[2m [0m[2mculex             [0m[2m [0m│   0.7173 │ 0.8065 │ 0.9122 │    0.8668 │ 0.9626 │
│[2m [0m[2mculiseta          [0m[2m [0m│   0.5392 │ 0.8326 │ 0.6700 │    0.6381 │ 0.7053 │
│[2m [0m[2mjaponicus-koreicus[0m[2m [0m│   0.3948 │ 0.8159 │ 0.5135 │    0.4471 │ 0.6032 │
└────────────────────┴──────────┴────────┴────────┴───────────┴────────┘
[2026-05-16 00:55:43] [INFO] rf-detr - Best regular mAP saved to /data/jjia496/Mosquitoes/output/checkpoint_best_regular.pth (epoch 12)
                     Val — Overall Metrics                      
┏━━━━━━━━━━━━━━━━━━━━━━━━━━┳━━━━━━━━┳━━━━━━━━━━━━━━━━━━━━━━━━━━┓
┃           mAP            ┃  mAR   ┃         F1 sweep         ┃
┡━━━━━━━━┯━━━━━━━━┯━━━━━━━━╇━━━━━━━━╇━━━━━━━━┯━━━━━━━━┯━━━━━━━━┩
│ [1;92m50:95[0m  │   [1;36m50[0m   │   [1;36m75[0m   │  @[1;36m500[0m  │   F1   │  Prec  │ Recall │
├────────┼────────┼────────┼────────┼────────┼────────┼────────┤
│ [1;36m0.4461[0m │ [1;36m0.5759[0m │ [1;36m0.5227[0m │ [1;36m0.8321[0m │ [1;36m0.5301[0m │ [1;36m0.5357[0m │ [1;36m0.6498[0m │
└────────┴────────┴────────┴────────┴────────┴────────┴────────┘
[1;36m                        Val — Per-class Metrics                         [0m
┏━━━━━━━━━━━━━━━━━━━━┳━━━━━━━━━━┳━━━━━━━━┳━━━━━━━━┳━━━━━━━━━━━┳━━━━━━━━┓
┃[1;36m [0m[1;36mClass             [0m[1;36m [0m┃[1;36m [0m[1;36mAP 50:95[0m[1;36m [0m┃[1;36m [0m[1;36m    AR[0m[1;36m [0m┃[1;36m [0m[1;36m    F1[0m[1;36m [0m┃[1;36m [0m[1;36mPrecision[0m[1;36m [0m┃[1;36m [0m[1;36mRecall[0m[1;36m [0m┃
┡━━━━━━━━━━━━━━━━━━━━╇━━━━━━━━━━╇━━━━━━━━╇━━━━━━━━╇━━━━━━━━━━━╇━━━━━━━━┩
│[2m [0m[2maegypti           [0m[2m [0m│   0.0596 │ 0.8375 │ 0.1818 │    0.1429 │ 0.2500 │
│[2m [0m[2malbopictus        [0m[2m [0m│   0.7030 │ 0.7879 │ 0.9022 │    0.8713 │ 0.9353 │
│[2m [0m[2manopheles         [0m[2m [0m│   0.1811 │ 0.8867 │ 0.2222 │    0.6667 │ 0.1333 │
│[2m [0m[2mculex             [0m[2m [0m│   0.7174 │ 0.8116 │ 0.8825 │    0.8126 │ 0.9655 │
│[2m [0m[2mculiseta          [0m[2m [0m│   0.5614 │ 0.8337 │ 0.5745 │    0.4332 │ 0.8526 │
│[2m [0m[2mjaponicus-koreicus[0m[2m [0m│   0.4544 │ 0.8349 │ 0.4174 │    0.2874 │ 0.7619 │
└────────────────────┴──────────┴────────┴────────┴───────────┴────────┘
[2026-05-16 01:07:05] [INFO] rf-detr - Best EMA mAP improved to 0.4753 (epoch 13)
                     Val — Overall Metrics                      
┏━━━━━━━━━━━━━━━━━━━━━━━━━━┳━━━━━━━━┳━━━━━━━━━━━━━━━━━━━━━━━━━━┓
┃           mAP            ┃  mAR   ┃         F1 sweep         ┃
┡━━━━━━━━┯━━━━━━━━┯━━━━━━━━╇━━━━━━━━╇━━━━━━━━┯━━━━━━━━┯━━━━━━━━┩
│ [1;92m50:95[0m  │   [1;36m50[0m   │   [1;36m75[0m   │  @[1;36m500[0m  │   F1   │  Prec  │ Recall │
├────────┼────────┼────────┼────────┼────────┼────────┼────────┤
│ [1;36m0.4533[0m │ [1;36m0.5996[0m │ [1;36m0.5428[0m │ [1;36m0.8386[0m │ [1;36m0.5733[0m │ [1;36m0.5732[0m │ [1;36m0.6143[0m │
└────────┴────────┴────────┴────────┴────────┴────────┴────────┘
[1;36m                        Val — Per-class Metrics                         [0m
┏━━━━━━━━━━━━━━━━━━━━┳━━━━━━━━━━┳━━━━━━━━┳━━━━━━━━┳━━━━━━━━━━━┳━━━━━━━━┓
┃[1;36m [0m[1;36mClass             [0m[1;36m [0m┃[1;36m [0m[1;36mAP 50:95[0m[1;36m [0m┃[1;36m [0m[1;36m    AR[0m[1;36m [0m┃[1;36m [0m[1;36m    F1[0m[1;36m [0m┃[1;36m [0m[1;36mPrecision[0m[1;36m [0m┃[1;36m [0m[1;36mRecall[0m[1;36m [0m┃
┡━━━━━━━━━━━━━━━━━━━━╇━━━━━━━━━━╇━━━━━━━━╇━━━━━━━━╇━━━━━━━━━━━╇━━━━━━━━┩
│[2m [0m[2maegypti           [0m[2m [0m│   0.0514 │ 0.8750 │ 0.1429 │    0.1667 │ 0.1250 │
│[2m [0m[2malbopictus        [0m[2m [0m│   0.6889 │ 0.7944 │ 0.9185 │    0.8905 │ 0.9482 │
│[2m [0m[2manopheles         [0m[2m [0m│   0.2876 │ 0.8733 │ 0.3636 │    0.5714 │ 0.2667 │
│[2m [0m[2mculex             [0m[2m [0m│   0.6963 │ 0.8136 │ 0.9192 │    0.8919 │ 0.9483 │
│[2m [0m[2mculiseta          [0m[2m [0m│   0.5634 │ 0.8368 │ 0.5882 │    0.4520 │ 0.8421 │
│[2m [0m[2mjaponicus-koreicus[0m[2m [0m│   0.4321 │ 0.8381 │ 0.5072 │    0.4667 │ 0.5556 │
└────────────────────┴──────────┴────────┴────────┴───────────┴────────┘
[2026-05-16 01:18:23] [INFO] rf-detr - Best regular mAP saved to /data/jjia496/Mosquitoes/output/checkpoint_best_regular.pth (epoch 14)
[2026-05-16 01:18:23] [INFO] rf-detr - Best EMA mAP improved to 0.4780 (epoch 14)
                     Val — Overall Metrics                      
┏━━━━━━━━━━━━━━━━━━━━━━━━━━┳━━━━━━━━┳━━━━━━━━━━━━━━━━━━━━━━━━━━┓
┃           mAP            ┃  mAR   ┃         F1 sweep         ┃
┡━━━━━━━━┯━━━━━━━━┯━━━━━━━━╇━━━━━━━━╇━━━━━━━━┯━━━━━━━━┯━━━━━━━━┩
│ [1;92m50:95[0m  │   [1;36m50[0m   │   [1;36m75[0m   │  @[1;36m500[0m  │   F1   │  Prec  │ Recall │
├────────┼────────┼────────┼────────┼────────┼────────┼────────┤
│ [1;36m0.4357[0m │ [1;36m0.5763[0m │ [1;36m0.5035[0m │ [1;36m0.8186[0m │ [1;36m0.5436[0m │ [1;36m0.5415[0m │ [1;36m0.5714[0m │
└────────┴────────┴────────┴────────┴────────┴────────┴────────┘
[1;36m                        Val — Per-class Metrics                         [0m
┏━━━━━━━━━━━━━━━━━━━━┳━━━━━━━━━━┳━━━━━━━━┳━━━━━━━━┳━━━━━━━━━━━┳━━━━━━━━┓
┃[1;36m [0m[1;36mClass             [0m[1;36m [0m┃[1;36m [0m[1;36mAP 50:95[0m[1;36m [0m┃[1;36m [0m[1;36m    AR[0m[1;36m [0m┃[1;36m [0m[1;36m    F1[0m[1;36m [0m┃[1;36m [0m[1;36mPrecision[0m[1;36m [0m┃[1;36m [0m[1;36mRecall[0m[1;36m [0m┃
┡━━━━━━━━━━━━━━━━━━━━╇━━━━━━━━━━╇━━━━━━━━╇━━━━━━━━╇━━━━━━━━━━━╇━━━━━━━━┩
│[2m [0m[2maegypti           [0m[2m [0m│   0.0321 │ 0.8000 │ 0.0000 │    0.0000 │ 0.0000 │
│[2m [0m[2malbopictus        [0m[2m [0m│   0.6989 │ 0.7852 │ 0.9174 │    0.9003 │ 0.9353 │
│[2m [0m[2manopheles         [0m[2m [0m│   0.1566 │ 0.8800 │ 0.2564 │    0.2083 │ 0.3333 │
│[2m [0m[2mculex             [0m[2m [0m│   0.7148 │ 0.8036 │ 0.9208 │    0.9067 │ 0.9353 │
│[2m [0m[2mculiseta          [0m[2m [0m│   0.5573 │ 0.8284 │ 0.6369 │    0.8065 │ 0.5263 │
│[2m [0m[2mjaponicus-koreicus[0m[2m [0m│   0.4548 │ 0.8143 │ 0.5301 │    0.4272 │ 0.6984 │
└────────────────────┴──────────┴────────┴────────┴───────────┴────────┘
                     Val — Overall Metrics                      
┏━━━━━━━━━━━━━━━━━━━━━━━━━━┳━━━━━━━━┳━━━━━━━━━━━━━━━━━━━━━━━━━━┓
┃           mAP            ┃  mAR   ┃         F1 sweep         ┃
┡━━━━━━━━┯━━━━━━━━┯━━━━━━━━╇━━━━━━━━╇━━━━━━━━┯━━━━━━━━┯━━━━━━━━┩
│ [1;92m50:95[0m  │   [1;36m50[0m   │   [1;36m75[0m   │  @[1;36m500[0m  │   F1   │  Prec  │ Recall │
├────────┼────────┼────────┼────────┼────────┼────────┼────────┤
│ [1;36m0.4411[0m │ [1;36m0.5763[0m │ [1;36m0.5131[0m │ [1;36m0.8197[0m │ [1;36m0.5576[0m │ [1;36m0.6129[0m │ [1;36m0.5860[0m │
└────────┴────────┴────────┴────────┴────────┴────────┴────────┘
[1;36m                        Val — Per-class Metrics                         [0m
┏━━━━━━━━━━━━━━━━━━━━┳━━━━━━━━━━┳━━━━━━━━┳━━━━━━━━┳━━━━━━━━━━━┳━━━━━━━━┓
┃[1;36m [0m[1;36mClass             [0m[1;36m [0m┃[1;36m [0m[1;36mAP 50:95[0m[1;36m [0m┃[1;36m [0m[1;36m    AR[0m[1;36m [0m┃[1;36m [0m[1;36m    F1[0m[1;36m [0m┃[1;36m [0m[1;36mPrecision[0m[1;36m [0m┃[1;36m [0m[1;36mRecall[0m[1;36m [0m┃
┡━━━━━━━━━━━━━━━━━━━━╇━━━━━━━━━━╇━━━━━━━━╇━━━━━━━━╇━━━━━━━━━━━╇━━━━━━━━┩
│[2m [0m[2maegypti           [0m[2m [0m│   0.0533 │ 0.7750 │ 0.1053 │    0.0909 │ 0.1250 │
│[2m [0m[2malbopictus        [0m[2m [0m│   0.6961 │ 0.7970 │ 0.9123 │    0.9272 │ 0.8978 │
│[2m [0m[2manopheles         [0m[2m [0m│   0.1802 │ 0.8733 │ 0.2222 │    0.6667 │ 0.1333 │
│[2m [0m[2mculex             [0m[2m [0m│   0.7162 │ 0.8066 │ 0.9077 │    0.8599 │ 0.9612 │
│[2m [0m[2mculiseta          [0m[2m [0m│   0.5423 │ 0.8253 │ 0.6743 │    0.7375 │ 0.6211 │
│[2m [0m[2mjaponicus-koreicus[0m[2m [0m│   0.4583 │ 0.8413 │ 0.5241 │    0.3952 │ 0.7778 │
└────────────────────┴──────────┴────────┴────────┴───────────┴────────┘
                     Val — Overall Metrics                      
┏━━━━━━━━━━━━━━━━━━━━━━━━━━┳━━━━━━━━┳━━━━━━━━━━━━━━━━━━━━━━━━━━┓
┃           mAP            ┃  mAR   ┃         F1 sweep         ┃
┡━━━━━━━━┯━━━━━━━━┯━━━━━━━━╇━━━━━━━━╇━━━━━━━━┯━━━━━━━━┯━━━━━━━━┩
│ [1;92m50:95[0m  │   [1;36m50[0m   │   [1;36m75[0m   │  @[1;36m500[0m  │   F1   │  Prec  │ Recall │
├────────┼────────┼────────┼────────┼────────┼────────┼────────┤
│ [1;36m0.4427[0m │ [1;36m0.5869[0m │ [1;36m0.5148[0m │ [1;36m0.8256[0m │ [1;36m0.5710[0m │ [1;36m0.5557[0m │ [1;36m0.6034[0m │
└────────┴────────┴────────┴────────┴────────┴────────┴────────┘
[1;36m                        Val — Per-class Metrics                         [0m
┏━━━━━━━━━━━━━━━━━━━━┳━━━━━━━━━━┳━━━━━━━━┳━━━━━━━━┳━━━━━━━━━━━┳━━━━━━━━┓
┃[1;36m [0m[1;36mClass             [0m[1;36m [0m┃[1;36m [0m[1;36mAP 50:95[0m[1;36m [0m┃[1;36m [0m[1;36m    AR[0m[1;36m [0m┃[1;36m [0m[1;36m    F1[0m[1;36m [0m┃[1;36m [0m[1;36mPrecision[0m[1;36m [0m┃[1;36m [0m[1;36mRecall[0m[1;36m [0m┃
┡━━━━━━━━━━━━━━━━━━━━╇━━━━━━━━━━╇━━━━━━━━╇━━━━━━━━╇━━━━━━━━━━━╇━━━━━━━━┩
│[2m [0m[2maegypti           [0m[2m [0m│   0.0543 │ 0.8250 │ 0.1667 │    0.2500 │ 0.1250 │
│[2m [0m[2malbopictus        [0m[2m [0m│   0.7021 │ 0.7894 │ 0.9177 │    0.8904 │ 0.9468 │
│[2m [0m[2manopheles         [0m[2m [0m│   0.2445 │ 0.8867 │ 0.2632 │    0.2174 │ 0.3333 │
│[2m [0m[2mculex             [0m[2m [0m│   0.7076 │ 0.8091 │ 0.9022 │    0.8557 │ 0.9540 │
│[2m [0m[2mculiseta          [0m[2m [0m│   0.5214 │ 0.8295 │ 0.6595 │    0.6778 │ 0.6421 │
│[2m [0m[2mjaponicus-koreicus[0m[2m [0m│   0.4263 │ 0.8143 │ 0.5166 │    0.4432 │ 0.6190 │
└────────────────────┴──────────┴────────┴────────┴───────────┴────────┘
                     Val — Overall Metrics                      
┏━━━━━━━━━━━━━━━━━━━━━━━━━━┳━━━━━━━━┳━━━━━━━━━━━━━━━━━━━━━━━━━━┓
┃           mAP            ┃  mAR   ┃         F1 sweep         ┃
┡━━━━━━━━┯━━━━━━━━┯━━━━━━━━╇━━━━━━━━╇━━━━━━━━┯━━━━━━━━┯━━━━━━━━┩
│ [1;92m50:95[0m  │   [1;36m50[0m   │   [1;36m75[0m   │  @[1;36m500[0m  │   F1   │  Prec  │ Recall │
├────────┼────────┼────────┼────────┼────────┼────────┼────────┤
│ [1;36m0.4680[0m │ [1;36m0.6062[0m │ [1;36m0.5395[0m │ [1;36m0.8112[0m │ [1;36m0.5751[0m │ [1;36m0.5537[0m │ [1;36m0.6018[0m │
└────────┴────────┴────────┴────────┴────────┴────────┴────────┘
[1;36m                        Val — Per-class Metrics                         [0m
┏━━━━━━━━━━━━━━━━━━━━┳━━━━━━━━━━┳━━━━━━━━┳━━━━━━━━┳━━━━━━━━━━━┳━━━━━━━━┓
┃[1;36m [0m[1;36mClass             [0m[1;36m [0m┃[1;36m [0m[1;36mAP 50:95[0m[1;36m [0m┃[1;36m [0m[1;36m    AR[0m[1;36m [0m┃[1;36m [0m[1;36m    F1[0m[1;36m [0m┃[1;36m [0m[1;36mPrecision[0m[1;36m [0m┃[1;36m [0m[1;36mRecall[0m[1;36m [0m┃
┡━━━━━━━━━━━━━━━━━━━━╇━━━━━━━━━━╇━━━━━━━━╇━━━━━━━━╇━━━━━━━━━━━╇━━━━━━━━┩
│[2m [0m[2maegypti           [0m[2m [0m│   0.0272 │ 0.7375 │ 0.1053 │    0.0909 │ 0.1250 │
│[2m [0m[2malbopictus        [0m[2m [0m│   0.7017 │ 0.7937 │ 0.9090 │    0.8610 │ 0.9626 │
│[2m [0m[2manopheles         [0m[2m [0m│   0.3452 │ 0.8667 │ 0.2703 │    0.2273 │ 0.3333 │
│[2m [0m[2mculex             [0m[2m [0m│   0.7218 │ 0.8065 │ 0.9310 │    0.9224 │ 0.9397 │
│[2m [0m[2mculiseta          [0m[2m [0m│   0.6049 │ 0.8326 │ 0.7113 │    0.6970 │ 0.7263 │
│[2m [0m[2mjaponicus-koreicus[0m[2m [0m│   0.4071 │ 0.8302 │ 0.5238 │    0.5238 │ 0.5238 │
└────────────────────┴──────────┴────────┴────────┴───────────┴────────┘
[2026-05-16 02:03:35] [INFO] rf-detr - Best regular mAP saved to /data/jjia496/Mosquitoes/output/checkpoint_best_regular.pth (epoch 18)
[2026-05-16 02:03:35] [INFO] rf-detr - Best EMA mAP improved to 0.4788 (epoch 18)
                     Val — Overall Metrics                      
┏━━━━━━━━━━━━━━━━━━━━━━━━━━┳━━━━━━━━┳━━━━━━━━━━━━━━━━━━━━━━━━━━┓
┃           mAP            ┃  mAR   ┃         F1 sweep         ┃
┡━━━━━━━━┯━━━━━━━━┯━━━━━━━━╇━━━━━━━━╇━━━━━━━━┯━━━━━━━━┯━━━━━━━━┩
│ [1;92m50:95[0m  │   [1;36m50[0m   │   [1;36m75[0m   │  @[1;36m500[0m  │   F1   │  Prec  │ Recall │
├────────┼────────┼────────┼────────┼────────┼────────┼────────┤
│ [1;36m0.4411[0m │ [1;36m0.5854[0m │ [1;36m0.4956[0m │ [1;36m0.8440[0m │ [1;36m0.5953[0m │ [1;36m0.6230[0m │ [1;36m0.5799[0m │
└────────┴────────┴────────┴────────┴────────┴────────┴────────┘
[1;36m                        Val — Per-class Metrics                         [0m
┏━━━━━━━━━━━━━━━━━━━━┳━━━━━━━━━━┳━━━━━━━━┳━━━━━━━━┳━━━━━━━━━━━┳━━━━━━━━┓
┃[1;36m [0m[1;36mClass             [0m[1;36m [0m┃[1;36m [0m[1;36mAP 50:95[0m[1;36m [0m┃[1;36m [0m[1;36m    AR[0m[1;36m [0m┃[1;36m [0m[1;36m    F1[0m[1;36m [0m┃[1;36m [0m[1;36mPrecision[0m[1;36m [0m┃[1;36m [0m[1;36mRecall[0m[1;36m [0m┃
┡━━━━━━━━━━━━━━━━━━━━╇━━━━━━━━━━╇━━━━━━━━╇━━━━━━━━╇━━━━━━━━━━━╇━━━━━━━━┩
│[2m [0m[2maegypti           [0m[2m [0m│   0.0825 │ 0.8375 │ 0.2500 │    0.2500 │ 0.2500 │
│[2m [0m[2malbopictus        [0m[2m [0m│   0.6926 │ 0.8071 │ 0.9012 │    0.8562 │ 0.9511 │
│[2m [0m[2manopheles         [0m[2m [0m│   0.2319 │ 0.9000 │ 0.3200 │    0.4000 │ 0.2667 │
│[2m [0m[2mculex             [0m[2m [0m│   0.7206 │ 0.8210 │ 0.9282 │    0.9012 │ 0.9569 │
│[2m [0m[2mculiseta          [0m[2m [0m│   0.5492 │ 0.8558 │ 0.6816 │    0.7262 │ 0.6421 │
│[2m [0m[2mjaponicus-koreicus[0m[2m [0m│   0.3695 │ 0.8429 │ 0.4906 │    0.6047 │ 0.4127 │
└────────────────────┴──────────┴────────┴────────┴───────────┴────────┘
                     Val — Overall Metrics                      
┏━━━━━━━━━━━━━━━━━━━━━━━━━━┳━━━━━━━━┳━━━━━━━━━━━━━━━━━━━━━━━━━━┓
┃           mAP            ┃  mAR   ┃         F1 sweep         ┃
┡━━━━━━━━┯━━━━━━━━┯━━━━━━━━╇━━━━━━━━╇━━━━━━━━┯━━━━━━━━┯━━━━━━━━┩
│ [1;92m50:95[0m  │   [1;36m50[0m   │   [1;36m75[0m   │  @[1;36m500[0m  │   F1   │  Prec  │ Recall │
├────────┼────────┼────────┼────────┼────────┼────────┼────────┤
│ [1;36m0.4346[0m │ [1;36m0.5716[0m │ [1;36m0.5015[0m │ [1;36m0.8425[0m │ [1;36m0.5861[0m │ [1;36m0.5762[0m │ [1;36m0.6069[0m │
└────────┴────────┴────────┴────────┴────────┴────────┴────────┘
[1;36m                        Val — Per-class Metrics                         [0m
┏━━━━━━━━━━━━━━━━━━━━┳━━━━━━━━━━┳━━━━━━━━┳━━━━━━━━┳━━━━━━━━━━━┳━━━━━━━━┓
┃[1;36m [0m[1;36mClass             [0m[1;36m [0m┃[1;36m [0m[1;36mAP 50:95[0m[1;36m [0m┃[1;36m [0m[1;36m    AR[0m[1;36m [0m┃[1;36m [0m[1;36m    F1[0m[1;36m [0m┃[1;36m [0m[1;36mPrecision[0m[1;36m [0m┃[1;36m [0m[1;36mRecall[0m[1;36m [0m┃
┡━━━━━━━━━━━━━━━━━━━━╇━━━━━━━━━━╇━━━━━━━━╇━━━━━━━━╇━━━━━━━━━━━╇━━━━━━━━┩
│[2m [0m[2maegypti           [0m[2m [0m│   0.0305 │ 0.9000 │ 0.1538 │    0.2000 │ 0.1250 │
│[2m [0m[2malbopictus        [0m[2m [0m│   0.7030 │ 0.8010 │ 0.9214 │    0.9067 │ 0.9367 │
│[2m [0m[2manopheles         [0m[2m [0m│   0.1614 │ 0.8800 │ 0.3077 │    0.3636 │ 0.2667 │
│[2m [0m[2mculex             [0m[2m [0m│   0.7137 │ 0.8091 │ 0.9230 │    0.8781 │ 0.9727 │
│[2m [0m[2mculiseta          [0m[2m [0m│   0.5735 │ 0.8442 │ 0.6700 │    0.6381 │ 0.7053 │
│[2m [0m[2mjaponicus-koreicus[0m[2m [0m│   0.4256 │ 0.8206 │ 0.5405 │    0.4706 │ 0.6349 │
└────────────────────┴──────────┴────────┴────────┴───────────┴────────┘
                     Val — Overall Metrics                      
┏━━━━━━━━━━━━━━━━━━━━━━━━━━┳━━━━━━━━┳━━━━━━━━━━━━━━━━━━━━━━━━━━┓
┃           mAP            ┃  mAR   ┃         F1 sweep         ┃
┡━━━━━━━━┯━━━━━━━━┯━━━━━━━━╇━━━━━━━━╇━━━━━━━━┯━━━━━━━━┯━━━━━━━━┩
│ [1;92m50:95[0m  │   [1;36m50[0m   │   [1;36m75[0m   │  @[1;36m500[0m  │   F1   │  Prec  │ Recall │
├────────┼────────┼────────┼────────┼────────┼────────┼────────┤
│ [1;36m0.4496[0m │ [1;36m0.5960[0m │ [1;36m0.5243[0m │ [1;36m0.8307[0m │ [1;36m0.5850[0m │ [1;36m0.6222[0m │ [1;36m0.5842[0m │
└────────┴────────┴────────┴────────┴────────┴────────┴────────┘
[1;36m                        Val — Per-class Metrics                         [0m
┏━━━━━━━━━━━━━━━━━━━━┳━━━━━━━━━━┳━━━━━━━━┳━━━━━━━━┳━━━━━━━━━━━┳━━━━━━━━┓
┃[1;36m [0m[1;36mClass             [0m[1;36m [0m┃[1;36m [0m[1;36mAP 50:95[0m[1;36m [0m┃[1;36m [0m[1;36m    AR[0m[1;36m [0m┃[1;36m [0m[1;36m    F1[0m[1;36m [0m┃[1;36m [0m[1;36mPrecision[0m[1;36m [0m┃[1;36m [0m[1;36mRecall[0m[1;36m [0m┃
┡━━━━━━━━━━━━━━━━━━━━╇━━━━━━━━━━╇━━━━━━━━╇━━━━━━━━╇━━━━━━━━━━━╇━━━━━━━━┩
│[2m [0m[2maegypti           [0m[2m [0m│   0.0262 │ 0.8250 │ 0.1429 │    0.1667 │ 0.1250 │
│[2m [0m[2malbopictus        [0m[2m [0m│   0.6919 │ 0.7931 │ 0.9197 │    0.8930 │ 0.9482 │
│[2m [0m[2manopheles         [0m[2m [0m│   0.2514 │ 0.8933 │ 0.3000 │    0.6000 │ 0.2000 │
│[2m [0m[2mculex             [0m[2m [0m│   0.7155 │ 0.8158 │ 0.9191 │    0.8855 │ 0.9555 │
│[2m [0m[2mculiseta          [0m[2m [0m│   0.5830 │ 0.8284 │ 0.6796 │    0.6306 │ 0.7368 │
│[2m [0m[2mjaponicus-koreicus[0m[2m [0m│   0.4295 │ 0.8286 │ 0.5484 │    0.5574 │ 0.5397 │
└────────────────────┴──────────┴────────┴────────┴───────────┴────────┘
                     Val — Overall Metrics                      
┏━━━━━━━━━━━━━━━━━━━━━━━━━━┳━━━━━━━━┳━━━━━━━━━━━━━━━━━━━━━━━━━━┓
┃           mAP            ┃  mAR   ┃         F1 sweep         ┃
┡━━━━━━━━┯━━━━━━━━┯━━━━━━━━╇━━━━━━━━╇━━━━━━━━┯━━━━━━━━┯━━━━━━━━┩
│ [1;92m50:95[0m  │   [1;36m50[0m   │   [1;36m75[0m   │  @[1;36m500[0m  │   F1   │  Prec  │ Recall │
├────────┼────────┼────────┼────────┼────────┼────────┼────────┤
│ [1;36m0.4870[0m │ [1;36m0.6320[0m │ [1;36m0.5633[0m │ [1;36m0.8359[0m │ [1;36m0.6001[0m │ [1;36m0.6046[0m │ [1;36m0.6032[0m │
└────────┴────────┴────────┴────────┴────────┴────────┴────────┘
[1;36m                        Val — Per-class Metrics                         [0m
┏━━━━━━━━━━━━━━━━━━━━┳━━━━━━━━━━┳━━━━━━━━┳━━━━━━━━┳━━━━━━━━━━━┳━━━━━━━━┓
┃[1;36m [0m[1;36mClass             [0m[1;36m [0m┃[1;36m [0m[1;36mAP 50:95[0m[1;36m [0m┃[1;36m [0m[1;36m    AR[0m[1;36m [0m┃[1;36m [0m[1;36m    F1[0m[1;36m [0m┃[1;36m [0m[1;36mPrecision[0m[1;36m [0m┃[1;36m [0m[1;36mRecall[0m[1;36m [0m┃
┡━━━━━━━━━━━━━━━━━━━━╇━━━━━━━━━━╇━━━━━━━━╇━━━━━━━━╇━━━━━━━━━━━╇━━━━━━━━┩
│[2m [0m[2maegypti           [0m[2m [0m│   0.0117 │ 0.8375 │ 0.0000 │    0.0000 │ 0.0000 │
│[2m [0m[2malbopictus        [0m[2m [0m│   0.7006 │ 0.7988 │ 0.9211 │    0.9271 │ 0.9151 │
│[2m [0m[2manopheles         [0m[2m [0m│   0.4737 │ 0.8933 │ 0.5806 │    0.5625 │ 0.6000 │
│[2m [0m[2mculex             [0m[2m [0m│   0.7174 │ 0.8195 │ 0.9322 │    0.9362 │ 0.9282 │
│[2m [0m[2mculiseta          [0m[2m [0m│   0.5890 │ 0.8411 │ 0.6667 │    0.6017 │ 0.7474 │
│[2m [0m[2mjaponicus-koreicus[0m[2m [0m│   0.4294 │ 0.8254 │ 0.5000 │    0.6000 │ 0.4286 │
└────────────────────┴──────────┴────────┴────────┴───────────┴────────┘
[2026-05-16 02:49:11] [INFO] rf-detr - Best regular mAP saved to /data/jjia496/Mosquitoes/output/checkpoint_best_regular.pth (epoch 22)
                     Val — Overall Metrics                      
┏━━━━━━━━━━━━━━━━━━━━━━━━━━┳━━━━━━━━┳━━━━━━━━━━━━━━━━━━━━━━━━━━┓
┃           mAP            ┃  mAR   ┃         F1 sweep         ┃
┡━━━━━━━━┯━━━━━━━━┯━━━━━━━━╇━━━━━━━━╇━━━━━━━━┯━━━━━━━━┯━━━━━━━━┩
│ [1;92m50:95[0m  │   [1;36m50[0m   │   [1;36m75[0m   │  @[1;36m500[0m  │   F1   │  Prec  │ Recall │
├────────┼────────┼────────┼────────┼────────┼────────┼────────┤
│ [1;36m0.4473[0m │ [1;36m0.5990[0m │ [1;36m0.5018[0m │ [1;36m0.8333[0m │ [1;36m0.5864[0m │ [1;36m0.7171[0m │ [1;36m0.5448[0m │
└────────┴────────┴────────┴────────┴────────┴────────┴────────┘
[1;36m                        Val — Per-class Metrics                         [0m
┏━━━━━━━━━━━━━━━━━━━━┳━━━━━━━━━━┳━━━━━━━━┳━━━━━━━━┳━━━━━━━━━━━┳━━━━━━━━┓
┃[1;36m [0m[1;36mClass             [0m[1;36m [0m┃[1;36m [0m[1;36mAP 50:95[0m[1;36m [0m┃[1;36m [0m[1;36m    AR[0m[1;36m [0m┃[1;36m [0m[1;36m    F1[0m[1;36m [0m┃[1;36m [0m[1;36mPrecision[0m[1;36m [0m┃[1;36m [0m[1;36mRecall[0m[1;36m [0m┃
┡━━━━━━━━━━━━━━━━━━━━╇━━━━━━━━━━╇━━━━━━━━╇━━━━━━━━╇━━━━━━━━━━━╇━━━━━━━━┩
│[2m [0m[2maegypti           [0m[2m [0m│   0.1501 │ 0.8250 │ 0.4000 │    1.0000 │ 0.2500 │
│[2m [0m[2malbopictus        [0m[2m [0m│   0.7051 │ 0.8007 │ 0.9295 │    0.9024 │ 0.9583 │
│[2m [0m[2manopheles         [0m[2m [0m│   0.1277 │ 0.8800 │ 0.0909 │    0.1429 │ 0.0667 │
│[2m [0m[2mculex             [0m[2m [0m│   0.7172 │ 0.8175 │ 0.9234 │    0.9037 │ 0.9440 │
│[2m [0m[2mculiseta          [0m[2m [0m│   0.5734 │ 0.8495 │ 0.6667 │    0.8281 │ 0.5579 │
│[2m [0m[2mjaponicus-koreicus[0m[2m [0m│   0.4102 │ 0.8270 │ 0.5082 │    0.5254 │ 0.4921 │
└────────────────────┴──────────┴────────┴────────┴───────────┴────────┘
                     Val — Overall Metrics                      
┏━━━━━━━━━━━━━━━━━━━━━━━━━━┳━━━━━━━━┳━━━━━━━━━━━━━━━━━━━━━━━━━━┓
┃           mAP            ┃  mAR   ┃         F1 sweep         ┃
┡━━━━━━━━┯━━━━━━━━┯━━━━━━━━╇━━━━━━━━╇━━━━━━━━┯━━━━━━━━┯━━━━━━━━┩
│ [1;92m50:95[0m  │   [1;36m50[0m   │   [1;36m75[0m   │  @[1;36m500[0m  │   F1   │  Prec  │ Recall │
├────────┼────────┼────────┼────────┼────────┼────────┼────────┤
│ [1;36m0.4627[0m │ [1;36m0.6006[0m │ [1;36m0.5394[0m │ [1;36m0.8296[0m │ [1;36m0.5771[0m │ [1;36m0.6383[0m │ [1;36m0.5411[0m │
└────────┴────────┴────────┴────────┴────────┴────────┴────────┘
[1;36m                        Val — Per-class Metrics                         [0m
┏━━━━━━━━━━━━━━━━━━━━┳━━━━━━━━━━┳━━━━━━━━┳━━━━━━━━┳━━━━━━━━━━━┳━━━━━━━━┓
┃[1;36m [0m[1;36mClass             [0m[1;36m [0m┃[1;36m [0m[1;36mAP 50:95[0m[1;36m [0m┃[1;36m [0m[1;36m    AR[0m[1;36m [0m┃[1;36m [0m[1;36m    F1[0m[1;36m [0m┃[1;36m [0m[1;36mPrecision[0m[1;36m [0m┃[1;36m [0m[1;36mRecall[0m[1;36m [0m┃
┡━━━━━━━━━━━━━━━━━━━━╇━━━━━━━━━━╇━━━━━━━━╇━━━━━━━━╇━━━━━━━━━━━╇━━━━━━━━┩
│[2m [0m[2maegypti           [0m[2m [0m│   0.0394 │ 0.8125 │ 0.0000 │    0.0000 │ 0.0000 │
│[2m [0m[2malbopictus        [0m[2m [0m│   0.6911 │ 0.7909 │ 0.9241 │    0.9118 │ 0.9367 │
│[2m [0m[2manopheles         [0m[2m [0m│   0.3619 │ 0.8867 │ 0.4348 │    0.6250 │ 0.3333 │
│[2m [0m[2mculex             [0m[2m [0m│   0.7046 │ 0.8011 │ 0.9270 │    0.8977 │ 0.9583 │
│[2m [0m[2mculiseta          [0m[2m [0m│   0.5545 │ 0.8389 │ 0.6543 │    0.7910 │ 0.5579 │
│[2m [0m[2mjaponicus-koreicus[0m[2m [0m│   0.4245 │ 0.8476 │ 0.5225 │    0.6042 │ 0.4603 │
└────────────────────┴──────────┴────────┴────────┴───────────┴────────┘
[2026-05-16 03:11:54] [INFO] rf-detr - Best EMA mAP improved to 0.4873 (epoch 24)
                     Val — Overall Metrics                      
┏━━━━━━━━━━━━━━━━━━━━━━━━━━┳━━━━━━━━┳━━━━━━━━━━━━━━━━━━━━━━━━━━┓
┃           mAP            ┃  mAR   ┃         F1 sweep         ┃
┡━━━━━━━━┯━━━━━━━━┯━━━━━━━━╇━━━━━━━━╇━━━━━━━━┯━━━━━━━━┯━━━━━━━━┩
│ [1;92m50:95[0m  │   [1;36m50[0m   │   [1;36m75[0m   │  @[1;36m500[0m  │   F1   │  Prec  │ Recall │
├────────┼────────┼────────┼────────┼────────┼────────┼────────┤
│ [1;36m0.4682[0m │ [1;36m0.6080[0m │ [1;36m0.5440[0m │ [1;36m0.8255[0m │ [1;36m0.6045[0m │ [1;36m0.6757[0m │ [1;36m0.5787[0m │
└────────┴────────┴────────┴────────┴────────┴────────┴────────┘
[1;36m                        Val — Per-class Metrics                         [0m
┏━━━━━━━━━━━━━━━━━━━━┳━━━━━━━━━━┳━━━━━━━━┳━━━━━━━━┳━━━━━━━━━━━┳━━━━━━━━┓
┃[1;36m [0m[1;36mClass             [0m[1;36m [0m┃[1;36m [0m[1;36mAP 50:95[0m[1;36m [0m┃[1;36m [0m[1;36m    AR[0m[1;36m [0m┃[1;36m [0m[1;36m    F1[0m[1;36m [0m┃[1;36m [0m[1;36mPrecision[0m[1;36m [0m┃[1;36m [0m[1;36mRecall[0m[1;36m [0m┃
┡━━━━━━━━━━━━━━━━━━━━╇━━━━━━━━━━╇━━━━━━━━╇━━━━━━━━╇━━━━━━━━━━━╇━━━━━━━━┩
│[2m [0m[2maegypti           [0m[2m [0m│   0.0516 │ 0.8000 │ 0.1818 │    0.3333 │ 0.1250 │
│[2m [0m[2malbopictus        [0m[2m [0m│   0.6893 │ 0.7931 │ 0.9158 │    0.8868 │ 0.9468 │
│[2m [0m[2manopheles         [0m[2m [0m│   0.5073 │ 0.8867 │ 0.5714 │    0.6154 │ 0.5333 │
│[2m [0m[2mculex             [0m[2m [0m│   0.7039 │ 0.8103 │ 0.9130 │    0.8790 │ 0.9497 │
│[2m [0m[2mculiseta          [0m[2m [0m│   0.5274 │ 0.8358 │ 0.6811 │    0.7000 │ 0.6632 │
│[2m [0m[2mjaponicus-koreicus[0m[2m [0m│   0.3297 │ 0.8270 │ 0.3636 │    0.6400 │ 0.2540 │
└────────────────────┴──────────┴────────┴────────┴───────────┴────────┘
[2026-05-16 03:23:15] [INFO] rf-detr - Best EMA mAP improved to 0.4928 (epoch 25)
                     Val — Overall Metrics                      
┏━━━━━━━━━━━━━━━━━━━━━━━━━━┳━━━━━━━━┳━━━━━━━━━━━━━━━━━━━━━━━━━━┓
┃           mAP            ┃  mAR   ┃         F1 sweep         ┃
┡━━━━━━━━┯━━━━━━━━┯━━━━━━━━╇━━━━━━━━╇━━━━━━━━┯━━━━━━━━┯━━━━━━━━┩
│ [1;92m50:95[0m  │   [1;36m50[0m   │   [1;36m75[0m   │  @[1;36m500[0m  │   F1   │  Prec  │ Recall │
├────────┼────────┼────────┼────────┼────────┼────────┼────────┤
│ [1;36m0.4452[0m │ [1;36m0.5845[0m │ [1;36m0.5236[0m │ [1;36m0.8065[0m │ [1;36m0.5644[0m │ [1;36m0.5148[0m │ [1;36m0.6471[0m │
└────────┴────────┴────────┴────────┴────────┴────────┴────────┘
[1;36m                        Val — Per-class Metrics                         [0m
┏━━━━━━━━━━━━━━━━━━━━┳━━━━━━━━━━┳━━━━━━━━┳━━━━━━━━┳━━━━━━━━━━━┳━━━━━━━━┓
┃[1;36m [0m[1;36mClass             [0m[1;36m [0m┃[1;36m [0m[1;36mAP 50:95[0m[1;36m [0m┃[1;36m [0m[1;36m    AR[0m[1;36m [0m┃[1;36m [0m[1;36m    F1[0m[1;36m [0m┃[1;36m [0m[1;36mPrecision[0m[1;36m [0m┃[1;36m [0m[1;36mRecall[0m[1;36m [0m┃
┡━━━━━━━━━━━━━━━━━━━━╇━━━━━━━━━━╇━━━━━━━━╇━━━━━━━━╇━━━━━━━━━━━╇━━━━━━━━┩
│[2m [0m[2maegypti           [0m[2m [0m│   0.0308 │ 0.7625 │ 0.1250 │    0.1250 │ 0.1250 │
│[2m [0m[2malbopictus        [0m[2m [0m│   0.6992 │ 0.7764 │ 0.9125 │    0.9028 │ 0.9223 │
│[2m [0m[2manopheles         [0m[2m [0m│   0.2263 │ 0.8600 │ 0.3750 │    0.3529 │ 0.4000 │
│[2m [0m[2mculex             [0m[2m [0m│   0.7055 │ 0.7934 │ 0.8845 │    0.8140 │ 0.9684 │
│[2m [0m[2mculiseta          [0m[2m [0m│   0.5399 │ 0.8263 │ 0.6233 │    0.5583 │ 0.7053 │
│[2m [0m[2mjaponicus-koreicus[0m[2m [0m│   0.4694 │ 0.8206 │ 0.4660 │    0.3357 │ 0.7619 │
└────────────────────┴──────────┴────────┴────────┴───────────┴────────┘
                     Val — Overall Metrics                      
┏━━━━━━━━━━━━━━━━━━━━━━━━━━┳━━━━━━━━┳━━━━━━━━━━━━━━━━━━━━━━━━━━┓
┃           mAP            ┃  mAR   ┃         F1 sweep         ┃
┡━━━━━━━━┯━━━━━━━━┯━━━━━━━━╇━━━━━━━━╇━━━━━━━━┯━━━━━━━━┯━━━━━━━━┩
│ [1;92m50:95[0m  │   [1;36m50[0m   │   [1;36m75[0m   │  @[1;36m500[0m  │   F1   │  Prec  │ Recall │
├────────┼────────┼────────┼────────┼────────┼────────┼────────┤
│ [1;36m0.4919[0m │ [1;36m0.6342[0m │ [1;36m0.5697[0m │ [1;36m0.8134[0m │ [1;36m0.6326[0m │ [1;36m0.7436[0m │ [1;36m0.5871[0m │
└────────┴────────┴────────┴────────┴────────┴────────┴────────┘
[1;36m                        Val — Per-class Metrics                         [0m
┏━━━━━━━━━━━━━━━━━━━━┳━━━━━━━━━━┳━━━━━━━━┳━━━━━━━━┳━━━━━━━━━━━┳━━━━━━━━┓
┃[1;36m [0m[1;36mClass             [0m[1;36m [0m┃[1;36m [0m[1;36mAP 50:95[0m[1;36m [0m┃[1;36m [0m[1;36m    AR[0m[1;36m [0m┃[1;36m [0m[1;36m    F1[0m[1;36m [0m┃[1;36m [0m[1;36mPrecision[0m[1;36m [0m┃[1;36m [0m[1;36mRecall[0m[1;36m [0m┃
┡━━━━━━━━━━━━━━━━━━━━╇━━━━━━━━━━╇━━━━━━━━╇━━━━━━━━╇━━━━━━━━━━━╇━━━━━━━━┩
│[2m [0m[2maegypti           [0m[2m [0m│   0.0602 │ 0.7375 │ 0.1818 │    0.3333 │ 0.1250 │
│[2m [0m[2malbopictus        [0m[2m [0m│   0.7066 │ 0.7915 │ 0.9123 │    0.9432 │ 0.8835 │
│[2m [0m[2manopheles         [0m[2m [0m│   0.5144 │ 0.9000 │ 0.5714 │    1.0000 │ 0.4000 │
│[2m [0m[2mculex             [0m[2m [0m│   0.7290 │ 0.8109 │ 0.9300 │    0.9071 │ 0.9540 │
│[2m [0m[2mculiseta          [0m[2m [0m│   0.5511 │ 0.8263 │ 0.6766 │    0.6415 │ 0.7158 │
│[2m [0m[2mjaponicus-koreicus[0m[2m [0m│   0.3900 │ 0.8143 │ 0.5234 │    0.6364 │ 0.4444 │
└────────────────────┴──────────┴────────┴────────┴───────────┴────────┘
[2026-05-16 03:46:05] [INFO] rf-detr - Best regular mAP saved to /data/jjia496/Mosquitoes/output/checkpoint_best_regular.pth (epoch 27)
[2026-05-16 03:46:05] [INFO] rf-detr - Best EMA mAP improved to 0.5170 (epoch 27)
                     Val — Overall Metrics                      
┏━━━━━━━━━━━━━━━━━━━━━━━━━━┳━━━━━━━━┳━━━━━━━━━━━━━━━━━━━━━━━━━━┓
┃           mAP            ┃  mAR   ┃         F1 sweep         ┃
┡━━━━━━━━┯━━━━━━━━┯━━━━━━━━╇━━━━━━━━╇━━━━━━━━┯━━━━━━━━┯━━━━━━━━┩
│ [1;92m50:95[0m  │   [1;36m50[0m   │   [1;36m75[0m   │  @[1;36m500[0m  │   F1   │  Prec  │ Recall │
├────────┼────────┼────────┼────────┼────────┼────────┼────────┤
│ [1;36m0.4923[0m │ [1;36m0.6489[0m │ [1;36m0.5702[0m │ [1;36m0.8177[0m │ [1;36m0.6417[0m │ [1;36m0.8520[0m │ [1;36m0.5768[0m │
└────────┴────────┴────────┴────────┴────────┴────────┴────────┘
[1;36m                        Val — Per-class Metrics                         [0m
┏━━━━━━━━━━━━━━━━━━━━┳━━━━━━━━━━┳━━━━━━━━┳━━━━━━━━┳━━━━━━━━━━━┳━━━━━━━━┓
┃[1;36m [0m[1;36mClass             [0m[1;36m [0m┃[1;36m [0m[1;36mAP 50:95[0m[1;36m [0m┃[1;36m [0m[1;36m    AR[0m[1;36m [0m┃[1;36m [0m[1;36m    F1[0m[1;36m [0m┃[1;36m [0m[1;36mPrecision[0m[1;36m [0m┃[1;36m [0m[1;36mRecall[0m[1;36m [0m┃
┡━━━━━━━━━━━━━━━━━━━━╇━━━━━━━━━━╇━━━━━━━━╇━━━━━━━━╇━━━━━━━━━━━╇━━━━━━━━┩
│[2m [0m[2maegypti           [0m[2m [0m│   0.1096 │ 0.7750 │ 0.2222 │    1.0000 │ 0.1250 │
│[2m [0m[2malbopictus        [0m[2m [0m│   0.6988 │ 0.7852 │ 0.9250 │    0.9366 │ 0.9137 │
│[2m [0m[2manopheles         [0m[2m [0m│   0.4087 │ 0.9000 │ 0.4545 │    0.7143 │ 0.3333 │
│[2m [0m[2mculex             [0m[2m [0m│   0.7154 │ 0.8047 │ 0.9250 │    0.9380 │ 0.9124 │
│[2m [0m[2mculiseta          [0m[2m [0m│   0.5882 │ 0.8284 │ 0.7386 │    0.8025 │ 0.6842 │
│[2m [0m[2mjaponicus-koreicus[0m[2m [0m│   0.4329 │ 0.8127 │ 0.5849 │    0.7209 │ 0.4921 │
└────────────────────┴──────────┴────────┴────────┴───────────┴────────┘
[2026-05-16 03:57:27] [INFO] rf-detr - Best regular mAP saved to /data/jjia496/Mosquitoes/output/checkpoint_best_regular.pth (epoch 28)
[2026-05-16 03:57:27] [INFO] rf-detr - Best EMA mAP improved to 0.5234 (epoch 28)
                     Val — Overall Metrics                      
┏━━━━━━━━━━━━━━━━━━━━━━━━━━┳━━━━━━━━┳━━━━━━━━━━━━━━━━━━━━━━━━━━┓
┃           mAP            ┃  mAR   ┃         F1 sweep         ┃
┡━━━━━━━━┯━━━━━━━━┯━━━━━━━━╇━━━━━━━━╇━━━━━━━━┯━━━━━━━━┯━━━━━━━━┩
│ [1;92m50:95[0m  │   [1;36m50[0m   │   [1;36m75[0m   │  @[1;36m500[0m  │   F1   │  Prec  │ Recall │
├────────┼────────┼────────┼────────┼────────┼────────┼────────┤
│ [1;36m0.4749[0m │ [1;36m0.6295[0m │ [1;36m0.5651[0m │ [1;36m0.8111[0m │ [1;36m0.5931[0m │ [1;36m0.6843[0m │ [1;36m0.5670[0m │
└────────┴────────┴────────┴────────┴────────┴────────┴────────┘
[1;36m                        Val — Per-class Metrics                         [0m
┏━━━━━━━━━━━━━━━━━━━━┳━━━━━━━━━━┳━━━━━━━━┳━━━━━━━━┳━━━━━━━━━━━┳━━━━━━━━┓
┃[1;36m [0m[1;36mClass             [0m[1;36m [0m┃[1;36m [0m[1;36mAP 50:95[0m[1;36m [0m┃[1;36m [0m[1;36m    AR[0m[1;36m [0m┃[1;36m [0m[1;36m    F1[0m[1;36m [0m┃[1;36m [0m[1;36mPrecision[0m[1;36m [0m┃[1;36m [0m[1;36mRecall[0m[1;36m [0m┃
┡━━━━━━━━━━━━━━━━━━━━╇━━━━━━━━━━╇━━━━━━━━╇━━━━━━━━╇━━━━━━━━━━━╇━━━━━━━━┩
│[2m [0m[2maegypti           [0m[2m [0m│   0.1272 │ 0.7625 │ 0.1818 │    0.3333 │ 0.1250 │
│[2m [0m[2malbopictus        [0m[2m [0m│   0.6739 │ 0.7836 │ 0.9117 │    0.8817 │ 0.9439 │
│[2m [0m[2manopheles         [0m[2m [0m│   0.4120 │ 0.8733 │ 0.5161 │    0.5000 │ 0.5333 │
│[2m [0m[2mculex             [0m[2m [0m│   0.7134 │ 0.7973 │ 0.9311 │    0.9212 │ 0.9411 │
│[2m [0m[2mculiseta          [0m[2m [0m│   0.5968 │ 0.8168 │ 0.6966 │    0.7470 │ 0.6526 │
│[2m [0m[2mjaponicus-koreicus[0m[2m [0m│   0.3261 │ 0.8333 │ 0.3210 │    0.7222 │ 0.2063 │
└────────────────────┴──────────┴────────┴────────┴───────────┴────────┘
                     Val — Overall Metrics                      
┏━━━━━━━━━━━━━━━━━━━━━━━━━━┳━━━━━━━━┳━━━━━━━━━━━━━━━━━━━━━━━━━━┓
┃           mAP            ┃  mAR   ┃         F1 sweep         ┃
┡━━━━━━━━┯━━━━━━━━┯━━━━━━━━╇━━━━━━━━╇━━━━━━━━┯━━━━━━━━┯━━━━━━━━┩
│ [1;92m50:95[0m  │   [1;36m50[0m   │   [1;36m75[0m   │  @[1;36m500[0m  │   F1   │  Prec  │ Recall │
├────────┼────────┼────────┼────────┼────────┼────────┼────────┤
│ [1;36m0.4714[0m │ [1;36m0.6176[0m │ [1;36m0.5376[0m │ [1;36m0.8141[0m │ [1;36m0.6178[0m │ [1;36m0.5886[0m │ [1;36m0.6513[0m │
└────────┴────────┴────────┴────────┴────────┴────────┴────────┘
[1;36m                        Val — Per-class Metrics                         [0m
┏━━━━━━━━━━━━━━━━━━━━┳━━━━━━━━━━┳━━━━━━━━┳━━━━━━━━┳━━━━━━━━━━━┳━━━━━━━━┓
┃[1;36m [0m[1;36mClass             [0m[1;36m [0m┃[1;36m [0m[1;36mAP 50:95[0m[1;36m [0m┃[1;36m [0m[1;36m    AR[0m[1;36m [0m┃[1;36m [0m[1;36m    F1[0m[1;36m [0m┃[1;36m [0m[1;36mPrecision[0m[1;36m [0m┃[1;36m [0m[1;36mRecall[0m[1;36m [0m┃
┡━━━━━━━━━━━━━━━━━━━━╇━━━━━━━━━━╇━━━━━━━━╇━━━━━━━━╇━━━━━━━━━━━╇━━━━━━━━┩
│[2m [0m[2maegypti           [0m[2m [0m│   0.0555 │ 0.7750 │ 0.2500 │    0.2500 │ 0.2500 │
│[2m [0m[2malbopictus        [0m[2m [0m│   0.6993 │ 0.7836 │ 0.9233 │    0.9116 │ 0.9353 │
│[2m [0m[2manopheles         [0m[2m [0m│   0.3695 │ 0.8600 │ 0.4848 │    0.4444 │ 0.5333 │
│[2m [0m[2mculex             [0m[2m [0m│   0.7219 │ 0.8114 │ 0.9093 │    0.8593 │ 0.9655 │
│[2m [0m[2mculiseta          [0m[2m [0m│   0.5626 │ 0.8232 │ 0.6500 │    0.6190 │ 0.6842 │
│[2m [0m[2mjaponicus-koreicus[0m[2m [0m│   0.4198 │ 0.8317 │ 0.4892 │    0.4474 │ 0.5397 │
└────────────────────┴──────────┴────────┴────────┴───────────┴────────┘
                     Val — Overall Metrics                      
┏━━━━━━━━━━━━━━━━━━━━━━━━━━┳━━━━━━━━┳━━━━━━━━━━━━━━━━━━━━━━━━━━┓
┃           mAP            ┃  mAR   ┃         F1 sweep         ┃
┡━━━━━━━━┯━━━━━━━━┯━━━━━━━━╇━━━━━━━━╇━━━━━━━━┯━━━━━━━━┯━━━━━━━━┩
│ [1;92m50:95[0m  │   [1;36m50[0m   │   [1;36m75[0m   │  @[1;36m500[0m  │   F1   │  Prec  │ Recall │
├────────┼────────┼────────┼────────┼────────┼────────┼────────┤
│ [1;36m0.4189[0m │ [1;36m0.5497[0m │ [1;36m0.4817[0m │ [1;36m0.8063[0m │ [1;36m0.5294[0m │ [1;36m0.5891[0m │ [1;36m0.5265[0m │
└────────┴────────┴────────┴────────┴────────┴────────┴────────┘
[1;36m                        Val — Per-class Metrics                         [0m
┏━━━━━━━━━━━━━━━━━━━━┳━━━━━━━━━━┳━━━━━━━━┳━━━━━━━━┳━━━━━━━━━━━┳━━━━━━━━┓
┃[1;36m [0m[1;36mClass             [0m[1;36m [0m┃[1;36m [0m[1;36mAP 50:95[0m[1;36m [0m┃[1;36m [0m[1;36m    AR[0m[1;36m [0m┃[1;36m [0m[1;36m    F1[0m[1;36m [0m┃[1;36m [0m[1;36mPrecision[0m[1;36m [0m┃[1;36m [0m[1;36mRecall[0m[1;36m [0m┃
┡━━━━━━━━━━━━━━━━━━━━╇━━━━━━━━━━╇━━━━━━━━╇━━━━━━━━╇━━━━━━━━━━━╇━━━━━━━━┩
│[2m [0m[2maegypti           [0m[2m [0m│   0.0276 │ 0.7625 │ 0.0952 │    0.0769 │ 0.1250 │
│[2m [0m[2malbopictus        [0m[2m [0m│   0.6815 │ 0.7761 │ 0.9014 │    0.8497 │ 0.9597 │
│[2m [0m[2manopheles         [0m[2m [0m│   0.2166 │ 0.8533 │ 0.2105 │    0.5000 │ 0.1333 │
│[2m [0m[2mculex             [0m[2m [0m│   0.7124 │ 0.7983 │ 0.9268 │    0.8999 │ 0.9555 │
│[2m [0m[2mculiseta          [0m[2m [0m│   0.5771 │ 0.8126 │ 0.6766 │    0.6415 │ 0.7158 │
│[2m [0m[2mjaponicus-koreicus[0m[2m [0m│   0.2982 │ 0.8349 │ 0.3656 │    0.5667 │ 0.2698 │
└────────────────────┴──────────┴────────┴────────┴───────────┴────────┘
                     Val — Overall Metrics                      
┏━━━━━━━━━━━━━━━━━━━━━━━━━━┳━━━━━━━━┳━━━━━━━━━━━━━━━━━━━━━━━━━━┓
┃           mAP            ┃  mAR   ┃         F1 sweep         ┃
┡━━━━━━━━┯━━━━━━━━┯━━━━━━━━╇━━━━━━━━╇━━━━━━━━┯━━━━━━━━┯━━━━━━━━┩
│ [1;92m50:95[0m  │   [1;36m50[0m   │   [1;36m75[0m   │  @[1;36m500[0m  │   F1   │  Prec  │ Recall │
├────────┼────────┼────────┼────────┼────────┼────────┼────────┤
│ [1;36m0.4570[0m │ [1;36m0.6056[0m │ [1;36m0.5346[0m │ [1;36m0.8208[0m │ [1;36m0.5888[0m │ [1;36m0.5366[0m │ [1;36m0.6665[0m │
└────────┴────────┴────────┴────────┴────────┴────────┴────────┘
[1;36m                        Val — Per-class Metrics                         [0m
┏━━━━━━━━━━━━━━━━━━━━┳━━━━━━━━━━┳━━━━━━━━┳━━━━━━━━┳━━━━━━━━━━━┳━━━━━━━━┓
┃[1;36m [0m[1;36mClass             [0m[1;36m [0m┃[1;36m [0m[1;36mAP 50:95[0m[1;36m [0m┃[1;36m [0m[1;36m    AR[0m[1;36m [0m┃[1;36m [0m[1;36m    F1[0m[1;36m [0m┃[1;36m [0m[1;36mPrecision[0m[1;36m [0m┃[1;36m [0m[1;36mRecall[0m[1;36m [0m┃
┡━━━━━━━━━━━━━━━━━━━━╇━━━━━━━━━━╇━━━━━━━━╇━━━━━━━━╇━━━━━━━━━━━╇━━━━━━━━┩
│[2m [0m[2maegypti           [0m[2m [0m│   0.0411 │ 0.8000 │ 0.1739 │    0.1333 │ 0.2500 │
│[2m [0m[2malbopictus        [0m[2m [0m│   0.6837 │ 0.7794 │ 0.9155 │    0.8966 │ 0.9353 │
│[2m [0m[2manopheles         [0m[2m [0m│   0.3554 │ 0.8800 │ 0.3871 │    0.3750 │ 0.4000 │
│[2m [0m[2mculex             [0m[2m [0m│   0.7144 │ 0.8144 │ 0.9044 │    0.8407 │ 0.9784 │
│[2m [0m[2mculiseta          [0m[2m [0m│   0.5317 │ 0.8432 │ 0.6262 │    0.5630 │ 0.7053 │
│[2m [0m[2mjaponicus-koreicus[0m[2m [0m│   0.4159 │ 0.8079 │ 0.5257 │    0.4107 │ 0.7302 │
└────────────────────┴──────────┴────────┴────────┴───────────┴────────┘
                     Val — Overall Metrics                      
┏━━━━━━━━━━━━━━━━━━━━━━━━━━┳━━━━━━━━┳━━━━━━━━━━━━━━━━━━━━━━━━━━┓
┃           mAP            ┃  mAR   ┃         F1 sweep         ┃
┡━━━━━━━━┯━━━━━━━━┯━━━━━━━━╇━━━━━━━━╇━━━━━━━━┯━━━━━━━━┯━━━━━━━━┩
│ [1;92m50:95[0m  │   [1;36m50[0m   │   [1;36m75[0m   │  @[1;36m500[0m  │   F1   │  Prec  │ Recall │
├────────┼────────┼────────┼────────┼────────┼────────┼────────┤
│ [1;36m0.4693[0m │ [1;36m0.6172[0m │ [1;36m0.5495[0m │ [1;36m0.8048[0m │ [1;36m0.6096[0m │ [1;36m0.6657[0m │ [1;36m0.5715[0m │
└────────┴────────┴────────┴────────┴────────┴────────┴────────┘
[1;36m                        Val — Per-class Metrics                         [0m
┏━━━━━━━━━━━━━━━━━━━━┳━━━━━━━━━━┳━━━━━━━━┳━━━━━━━━┳━━━━━━━━━━━┳━━━━━━━━┓
┃[1;36m [0m[1;36mClass             [0m[1;36m [0m┃[1;36m [0m[1;36mAP 50:95[0m[1;36m [0m┃[1;36m [0m[1;36m    AR[0m[1;36m [0m┃[1;36m [0m[1;36m    F1[0m[1;36m [0m┃[1;36m [0m[1;36mPrecision[0m[1;36m [0m┃[1;36m [0m[1;36mRecall[0m[1;36m [0m┃
┡━━━━━━━━━━━━━━━━━━━━╇━━━━━━━━━━╇━━━━━━━━╇━━━━━━━━╇━━━━━━━━━━━╇━━━━━━━━┩
│[2m [0m[2maegypti           [0m[2m [0m│   0.0232 │ 0.8000 │ 0.0000 │    0.0000 │ 0.0000 │
│[2m [0m[2malbopictus        [0m[2m [0m│   0.6802 │ 0.7586 │ 0.9201 │    0.9042 │ 0.9367 │
│[2m [0m[2manopheles         [0m[2m [0m│   0.4079 │ 0.8667 │ 0.5600 │    0.7000 │ 0.4667 │
│[2m [0m[2mculex             [0m[2m [0m│   0.7151 │ 0.7963 │ 0.9349 │    0.9206 │ 0.9497 │
│[2m [0m[2mculiseta          [0m[2m [0m│   0.5806 │ 0.8200 │ 0.6867 │    0.8028 │ 0.6000 │
│[2m [0m[2mjaponicus-koreicus[0m[2m [0m│   0.4091 │ 0.7873 │ 0.5556 │    0.6667 │ 0.4762 │
└────────────────────┴──────────┴────────┴────────┴───────────┴────────┘
                     Val — Overall Metrics                      
┏━━━━━━━━━━━━━━━━━━━━━━━━━━┳━━━━━━━━┳━━━━━━━━━━━━━━━━━━━━━━━━━━┓
┃           mAP            ┃  mAR   ┃         F1 sweep         ┃
┡━━━━━━━━┯━━━━━━━━┯━━━━━━━━╇━━━━━━━━╇━━━━━━━━┯━━━━━━━━┯━━━━━━━━┩
│ [1;92m50:95[0m  │   [1;36m50[0m   │   [1;36m75[0m   │  @[1;36m500[0m  │   F1   │  Prec  │ Recall │
├────────┼────────┼────────┼────────┼────────┼────────┼────────┤
│ [1;36m0.4590[0m │ [1;36m0.6015[0m │ [1;36m0.5269[0m │ [1;36m0.8132[0m │ [1;36m0.5904[0m │ [1;36m0.5769[0m │ [1;36m0.6246[0m │
└────────┴────────┴────────┴────────┴────────┴────────┴────────┘
[1;36m                        Val — Per-class Metrics                         [0m
┏━━━━━━━━━━━━━━━━━━━━┳━━━━━━━━━━┳━━━━━━━━┳━━━━━━━━┳━━━━━━━━━━━┳━━━━━━━━┓
┃[1;36m [0m[1;36mClass             [0m[1;36m [0m┃[1;36m [0m[1;36mAP 50:95[0m[1;36m [0m┃[1;36m [0m[1;36m    AR[0m[1;36m [0m┃[1;36m [0m[1;36m    F1[0m[1;36m [0m┃[1;36m [0m[1;36mPrecision[0m[1;36m [0m┃[1;36m [0m[1;36mRecall[0m[1;36m [0m┃
┡━━━━━━━━━━━━━━━━━━━━╇━━━━━━━━━━╇━━━━━━━━╇━━━━━━━━╇━━━━━━━━━━━╇━━━━━━━━┩
│[2m [0m[2maegypti           [0m[2m [0m│   0.0213 │ 0.8125 │ 0.0000 │    0.0000 │ 0.0000 │
│[2m [0m[2malbopictus        [0m[2m [0m│   0.7031 │ 0.7777 │ 0.9228 │    0.8935 │ 0.9540 │
│[2m [0m[2manopheles         [0m[2m [0m│   0.3286 │ 0.8600 │ 0.4545 │    0.3448 │ 0.6667 │
│[2m [0m[2mculex             [0m[2m [0m│   0.7239 │ 0.7971 │ 0.9265 │    0.9031 │ 0.9511 │
│[2m [0m[2mculiseta          [0m[2m [0m│   0.5512 │ 0.8242 │ 0.7158 │    0.7158 │ 0.7158 │
│[2m [0m[2mjaponicus-koreicus[0m[2m [0m│   0.4262 │ 0.8079 │ 0.5225 │    0.6042 │ 0.4603 │
└────────────────────┴──────────┴────────┴────────┴───────────┴────────┘
                     Val — Overall Metrics                      
┏━━━━━━━━━━━━━━━━━━━━━━━━━━┳━━━━━━━━┳━━━━━━━━━━━━━━━━━━━━━━━━━━┓
┃           mAP            ┃  mAR   ┃         F1 sweep         ┃
┡━━━━━━━━┯━━━━━━━━┯━━━━━━━━╇━━━━━━━━╇━━━━━━━━┯━━━━━━━━┯━━━━━━━━┩
│ [1;92m50:95[0m  │   [1;36m50[0m   │   [1;36m75[0m   │  @[1;36m500[0m  │   F1   │  Prec  │ Recall │
├────────┼────────┼────────┼────────┼────────┼────────┼────────┤
│ [1;36m0.4373[0m │ [1;36m0.5723[0m │ [1;36m0.5066[0m │ [1;36m0.8215[0m │ [1;36m0.5581[0m │ [1;36m0.5914[0m │ [1;36m0.5440[0m │
└────────┴────────┴────────┴────────┴────────┴────────┴────────┘
[1;36m                        Val — Per-class Metrics                         [0m
┏━━━━━━━━━━━━━━━━━━━━┳━━━━━━━━━━┳━━━━━━━━┳━━━━━━━━┳━━━━━━━━━━━┳━━━━━━━━┓
┃[1;36m [0m[1;36mClass             [0m[1;36m [0m┃[1;36m [0m[1;36mAP 50:95[0m[1;36m [0m┃[1;36m [0m[1;36m    AR[0m[1;36m [0m┃[1;36m [0m[1;36m    F1[0m[1;36m [0m┃[1;36m [0m[1;36mPrecision[0m[1;36m [0m┃[1;36m [0m[1;36mRecall[0m[1;36m [0m┃
┡━━━━━━━━━━━━━━━━━━━━╇━━━━━━━━━━╇━━━━━━━━╇━━━━━━━━╇━━━━━━━━━━━╇━━━━━━━━┩
│[2m [0m[2maegypti           [0m[2m [0m│   0.0393 │ 0.8125 │ 0.0000 │    0.0000 │ 0.0000 │
│[2m [0m[2malbopictus        [0m[2m [0m│   0.6948 │ 0.7915 │ 0.9112 │    0.9145 │ 0.9079 │
│[2m [0m[2manopheles         [0m[2m [0m│   0.2096 │ 0.8467 │ 0.3000 │    0.2400 │ 0.4000 │
│[2m [0m[2mculex             [0m[2m [0m│   0.7172 │ 0.8034 │ 0.9266 │    0.9474 │ 0.9066 │
│[2m [0m[2mculiseta          [0m[2m [0m│   0.5802 │ 0.8368 │ 0.7209 │    0.8052 │ 0.6526 │
│[2m [0m[2mjaponicus-koreicus[0m[2m [0m│   0.3826 │ 0.8381 │ 0.4902 │    0.6410 │ 0.3968 │
└────────────────────┴──────────┴────────┴────────┴───────────┴────────┘
                     Val — Overall Metrics                      
┏━━━━━━━━━━━━━━━━━━━━━━━━━━┳━━━━━━━━┳━━━━━━━━━━━━━━━━━━━━━━━━━━┓
┃           mAP            ┃  mAR   ┃         F1 sweep         ┃
┡━━━━━━━━┯━━━━━━━━┯━━━━━━━━╇━━━━━━━━╇━━━━━━━━┯━━━━━━━━┯━━━━━━━━┩
│ [1;92m50:95[0m  │   [1;36m50[0m   │   [1;36m75[0m   │  @[1;36m500[0m  │   F1   │  Prec  │ Recall │
├────────┼────────┼────────┼────────┼────────┼────────┼────────┤
│ [1;36m0.4152[0m │ [1;36m0.5557[0m │ [1;36m0.4879[0m │ [1;36m0.8260[0m │ [1;36m0.5468[0m │ [1;36m0.6497[0m │ [1;36m0.5003[0m │
└────────┴────────┴────────┴────────┴────────┴────────┴────────┘
[1;36m                        Val — Per-class Metrics                         [0m
┏━━━━━━━━━━━━━━━━━━━━┳━━━━━━━━━━┳━━━━━━━━┳━━━━━━━━┳━━━━━━━━━━━┳━━━━━━━━┓
┃[1;36m [0m[1;36mClass             [0m[1;36m [0m┃[1;36m [0m[1;36mAP 50:95[0m[1;36m [0m┃[1;36m [0m[1;36m    AR[0m[1;36m [0m┃[1;36m [0m[1;36m    F1[0m[1;36m [0m┃[1;36m [0m[1;36mPrecision[0m[1;36m [0m┃[1;36m [0m[1;36mRecall[0m[1;36m [0m┃
┡━━━━━━━━━━━━━━━━━━━━╇━━━━━━━━━━╇━━━━━━━━╇━━━━━━━━╇━━━━━━━━━━━╇━━━━━━━━┩
│[2m [0m[2maegypti           [0m[2m [0m│   0.0511 │ 0.8000 │ 0.1818 │    0.3333 │ 0.1250 │
│[2m [0m[2malbopictus        [0m[2m [0m│   0.6693 │ 0.7879 │ 0.9106 │    0.8722 │ 0.9525 │
│[2m [0m[2manopheles         [0m[2m [0m│   0.1698 │ 0.8933 │ 0.2000 │    0.4000 │ 0.1333 │
│[2m [0m[2mculex             [0m[2m [0m│   0.7191 │ 0.8180 │ 0.9217 │    0.9389 │ 0.9052 │
│[2m [0m[2mculiseta          [0m[2m [0m│   0.5344 │ 0.8316 │ 0.6585 │    0.7826 │ 0.5684 │
│[2m [0m[2mjaponicus-koreicus[0m[2m [0m│   0.3476 │ 0.8254 │ 0.4082 │    0.5714 │ 0.3175 │
└────────────────────┴──────────┴────────┴────────┴───────────┴────────┘
                     Val — Overall Metrics                      
┏━━━━━━━━━━━━━━━━━━━━━━━━━━┳━━━━━━━━┳━━━━━━━━━━━━━━━━━━━━━━━━━━┓
┃           mAP            ┃  mAR   ┃         F1 sweep         ┃
┡━━━━━━━━┯━━━━━━━━┯━━━━━━━━╇━━━━━━━━╇━━━━━━━━┯━━━━━━━━┯━━━━━━━━┩
│ [1;92m50:95[0m  │   [1;36m50[0m   │   [1;36m75[0m   │  @[1;36m500[0m  │   F1   │  Prec  │ Recall │
├────────┼────────┼────────┼────────┼────────┼────────┼────────┤
│ [1;36m0.4339[0m │ [1;36m0.5746[0m │ [1;36m0.5112[0m │ [1;36m0.8135[0m │ [1;36m0.5554[0m │ [1;36m0.5338[0m │ [1;36m0.5987[0m │
└────────┴────────┴────────┴────────┴────────┴────────┴────────┘
[1;36m                        Val — Per-class Metrics                         [0m
┏━━━━━━━━━━━━━━━━━━━━┳━━━━━━━━━━┳━━━━━━━━┳━━━━━━━━┳━━━━━━━━━━━┳━━━━━━━━┓
┃[1;36m [0m[1;36mClass             [0m[1;36m [0m┃[1;36m [0m[1;36mAP 50:95[0m[1;36m [0m┃[1;36m [0m[1;36m    AR[0m[1;36m [0m┃[1;36m [0m[1;36m    F1[0m[1;36m [0m┃[1;36m [0m[1;36mPrecision[0m[1;36m [0m┃[1;36m [0m[1;36mRecall[0m[1;36m [0m┃
┡━━━━━━━━━━━━━━━━━━━━╇━━━━━━━━━━╇━━━━━━━━╇━━━━━━━━╇━━━━━━━━━━━╇━━━━━━━━┩
│[2m [0m[2maegypti           [0m[2m [0m│   0.0216 │ 0.7625 │ 0.0909 │    0.0714 │ 0.1250 │
│[2m [0m[2malbopictus        [0m[2m [0m│   0.6993 │ 0.7859 │ 0.9251 │    0.9178 │ 0.9324 │
│[2m [0m[2manopheles         [0m[2m [0m│   0.2511 │ 0.8933 │ 0.3750 │    0.3529 │ 0.4000 │
│[2m [0m[2mculex             [0m[2m [0m│   0.7168 │ 0.8039 │ 0.9107 │    0.8848 │ 0.9382 │
│[2m [0m[2mculiseta          [0m[2m [0m│   0.5363 │ 0.8179 │ 0.5802 │    0.4551 │ 0.8000 │
│[2m [0m[2mjaponicus-koreicus[0m[2m [0m│   0.3783 │ 0.8175 │ 0.4505 │    0.5208 │ 0.3968 │
└────────────────────┴──────────┴────────┴────────┴───────────┴────────┘
                     Val — Overall Metrics                      
┏━━━━━━━━━━━━━━━━━━━━━━━━━━┳━━━━━━━━┳━━━━━━━━━━━━━━━━━━━━━━━━━━┓
┃           mAP            ┃  mAR   ┃         F1 sweep         ┃
┡━━━━━━━━┯━━━━━━━━┯━━━━━━━━╇━━━━━━━━╇━━━━━━━━┯━━━━━━━━┯━━━━━━━━┩
│ [1;92m50:95[0m  │   [1;36m50[0m   │   [1;36m75[0m   │  @[1;36m500[0m  │   F1   │  Prec  │ Recall │
├────────┼────────┼────────┼────────┼────────┼────────┼────────┤
│ [1;36m0.4515[0m │ [1;36m0.6049[0m │ [1;36m0.5325[0m │ [1;36m0.8021[0m │ [1;36m0.6038[0m │ [1;36m0.6367[0m │ [1;36m0.5794[0m │
└────────┴────────┴────────┴────────┴────────┴────────┴────────┘
[1;36m                        Val — Per-class Metrics                         [0m
┏━━━━━━━━━━━━━━━━━━━━┳━━━━━━━━━━┳━━━━━━━━┳━━━━━━━━┳━━━━━━━━━━━┳━━━━━━━━┓
┃[1;36m [0m[1;36mClass             [0m[1;36m [0m┃[1;36m [0m[1;36mAP 50:95[0m[1;36m [0m┃[1;36m [0m[1;36m    AR[0m[1;36m [0m┃[1;36m [0m[1;36m    F1[0m[1;36m [0m┃[1;36m [0m[1;36mPrecision[0m[1;36m [0m┃[1;36m [0m[1;36mRecall[0m[1;36m [0m┃
┡━━━━━━━━━━━━━━━━━━━━╇━━━━━━━━━━╇━━━━━━━━╇━━━━━━━━╇━━━━━━━━━━━╇━━━━━━━━┩
│[2m [0m[2maegypti           [0m[2m [0m│   0.0302 │ 0.7750 │ 0.1250 │    0.1250 │ 0.1250 │
│[2m [0m[2malbopictus        [0m[2m [0m│   0.6748 │ 0.7649 │ 0.9206 │    0.9077 │ 0.9338 │
│[2m [0m[2manopheles         [0m[2m [0m│   0.3484 │ 0.8667 │ 0.5000 │    0.5385 │ 0.4667 │
│[2m [0m[2mculex             [0m[2m [0m│   0.7131 │ 0.7976 │ 0.9308 │    0.9335 │ 0.9282 │
│[2m [0m[2mculiseta          [0m[2m [0m│   0.5569 │ 0.8021 │ 0.6893 │    0.7439 │ 0.6421 │
│[2m [0m[2mjaponicus-koreicus[0m[2m [0m│   0.3858 │ 0.8063 │ 0.4571 │    0.5714 │ 0.3810 │
└────────────────────┴──────────┴────────┴────────┴───────────┴────────┘
[2026-05-16 05:52:14] [INFO] rf-detr - Best total checkpoint saved from EMA (regular=0.4923, ema=0.5234)
Training finished (completed all epochs or stopped early).
Running inference test on an UNSEEN image from the Test Set...
Testing model on: /data/jjia496/Mosquitoes/rfdetr_dataset/test/train_00006.jpeg
Found 1 mosquitoes in the image!
Saved visualization to final_test_prediction.jpg.
